Component: Arm Compiler for Embedded 6.22 Tool: armlink [5ee90200]

==============================================================================

Section Cross References

    main.o(.text.main) refers to board.o(.text.board_init) for board_init
    main.o(.text.main) refers to oled.o(.text.OLED_Init) for OLED_Init
    main.o(.text.main) refers to oled.o(.text.OLED_ShowString) for OLED_ShowString
    main.o(.text.main) refers to board.o(.text.delay_ms) for delay_ms
    main.o(.text.main) refers to bsp_mpu6050.o(.text.MPU6050_Init) for MPU6050_Init
    main.o(.text.main) refers to inv_mpu.o(.text.mpu_dmp_init) for mpu_dmp_init
    main.o(.text.main) refers to encoder.o(.text.Encoder_Init) for Encoder_Init
    main.o(.text.main) refers to pid.o(.text.PID_Init) for PID_Init
    main.o(.text.main) refers to fflti.o(.text) for __aeabi_i2f
    main.o(.text.main) refers to pid.o(.text.IncPID_Init) for IncPID_Init
    main.o(.text.main) refers to oled.o(.text.OLED_Clear) for OLED_Clear
    main.o(.text.main) refers to oled.o(.text.OLED_ShowFloat) for OLED_ShowFloat
    main.o(.text.main) refers to main.o(.text.__NVIC_EnableIRQ) for __NVIC_EnableIRQ
    main.o(.text.main) refers to oled.o(.text.OLED_ShowNum) for OLED_ShowNum
    main.o(.text.main) refers to fcmp.o(i._feq) for __aeabi_fcmpeq
    main.o(.text.main) refers to inv_mpu.o(.text.mpu_dmp_get_data) for mpu_dmp_get_data
    main.o(.text.main) refers to faddsub.o(x$fpl$fadd) for __aeabi_fadd
    main.o(.text.main) refers to key.o(.text.get_Key3Num) for get_Key3Num
    main.o(.text.main) refers to key.o(.text.get_Key1Num) for get_Key1Num
    main.o(.text.main) refers to key.o(.text.get_Key2Num) for get_Key2Num
    main.o(.text.main) refers to trace.o(.text.get_T_ALL) for get_T_ALL
    main.o(.text.main) refers to main.o(.rodata.str1.1) for [Anonymous Symbol]
    main.o(.text.main) refers to faddsub.o(x$fpl$fsub) for __aeabi_fsub
    main.o(.text.main) refers to pid.o(.text.PID_ResetTarget) for PID_ResetTarget
    main.o(.text.main) refers to car.o(.text.Car_Status) for Car_Status
    main.o(.text.main) refers to main.o(.data.MotorA_Kp) for MotorA_Kp
    main.o(.text.main) refers to main.o(.data.MotorA_Ki) for MotorA_Ki
    main.o(.text.main) refers to main.o(.data.MotorA_Kd) for MotorA_Kd
    main.o(.text.main) refers to main.o(.bss.MotorA_target) for MotorA_target
    main.o(.text.main) refers to main.o(.bss.MotorAPID) for MotorAPID
    main.o(.text.main) refers to main.o(.data.MotorB_Kp) for MotorB_Kp
    main.o(.text.main) refers to main.o(.data.MotorB_Ki) for MotorB_Ki
    main.o(.text.main) refers to main.o(.data.MotorB_Kd) for MotorB_Kd
    main.o(.text.main) refers to main.o(.bss.MotorB_target) for MotorB_target
    main.o(.text.main) refers to main.o(.bss.MotorBPID) for MotorBPID
    main.o(.text.main) refers to main.o(.data.yaw_Kp) for yaw_Kp
    main.o(.text.main) refers to main.o(.bss.yaw_Ki) for yaw_Ki
    main.o(.text.main) refers to main.o(.data.yaw_Kd) for yaw_Kd
    main.o(.text.main) refers to main.o(.data.yaw_target) for yaw_target
    main.o(.text.main) refers to main.o(.bss.yawPID) for yawPID
    main.o(.text.main) refers to main.o(.data.Trace_Kp) for Trace_Kp
    main.o(.text.main) refers to main.o(.bss.Trace_Ki) for Trace_Ki
    main.o(.text.main) refers to main.o(.bss.Trace_Kd) for Trace_Kd
    main.o(.text.main) refers to main.o(.data.Trace_target) for Trace_target
    main.o(.text.main) refers to main.o(.bss.TracePID) for TracePID
    main.o(.text.main) refers to main.o(.bss.yawTarget2A_B) for yawTarget2A_B
    main.o(.text.main) refers to main.o(.bss.yawTarget2C_D) for yawTarget2C_D
    main.o(.text.main) refers to main.o(.bss.yawTarget3A_C) for yawTarget3A_C
    main.o(.text.main) refers to main.o(.bss.yawTarget3B_D) for yawTarget3B_D
    main.o(.text.main) refers to main.o(.bss.yaw_now) for yaw_now
    main.o(.text.main) refers to bsp_mpu6050.o(.bss.MPU6050flag) for MPU6050flag
    main.o(.text.main) refers to main.o(.data.MPU6050runflag) for MPU6050runflag
    main.o(.text.main) refers to main.o(.bss.pitch) for pitch
    main.o(.text.main) refers to main.o(.bss.roll) for roll
    main.o(.text.main) refers to main.o(.bss.yaw) for yaw
    main.o(.text.main) refers to main.o(.bss.yawP) for yawP
    main.o(.text.main) refers to bsp_mpu6050.o(.bss.MPU6050reInitFlag) for MPU6050reInitFlag
    main.o(.text.main) refers to main.o(.bss.yaw_pidout) for yaw_pidout
    main.o(.text.main) refers to main.o(.bss.yawSelectedTarget) for yawSelectedTarget
    main.o(.text.main) refers to main.o(.bss.MotorA_pidout) for MotorA_pidout
    main.o(.text.main) refers to main.o(.bss.MotorB_pidout) for MotorB_pidout
    main.o(.text.main) refers to led.o(.text.LED_BEEP_Toggle) for LED_BEEP_Toggle
    main.o(.text.main) refers to main.o(.bss.LED_BEEP_Flag) for LED_BEEP_Flag
    main.o(.text.main) refers to main.o(.bss.Trace_pidout) for Trace_pidout
[...]
    _fp_trap_init                             - Undefined Weak Reference
    _fp_trap_shutdown                         - Undefined Weak Reference
    _get_lc_collate                           - Undefined Weak Reference
    _get_lc_ctype                             - Undefined Weak Reference
    _get_lc_monetary                          - Undefined Weak Reference
    _get_lc_numeric                           - Undefined Weak Reference
    _get_lc_time                              - Undefined Weak Reference
    _getenv_init                              - Undefined Weak Reference
    _handle_redirection                       - Undefined Weak Reference
    _init_alloc                               - Undefined Weak Reference
    _init_user_alloc                          - Undefined Weak Reference
    _initio                                   - Undefined Weak Reference
    _rand_init                                - Undefined Weak Reference
    _signal_finish                            - Undefined Weak Reference
    _signal_init                              - Undefined Weak Reference
    _terminate_alloc                          - Undefined Weak Reference
    _terminate_user_alloc                     - Undefined Weak Reference
    _terminateio                              - Undefined Weak Reference
    __Vectors_End                            0x000000c0   Data           0  startup_mspm0g350x_uvision.o(RESET)
    __Vectors_Size                           0x000000c0   Number         0  startup_mspm0g350x_uvision.o ABSOLUTE
    __main                                   0x000000c1   Thumb Code     8  __main.o(!!!main)
    __scatterload                            0x000000c9   Thumb Code     0  __scatter.o(!!!scatter)
    __scatterload_rt2                        0x000000c9   Thumb Code    74  __scatter.o(!!!scatter)
    __scatterload_rt2_thumb_only             0x000000c9   Thumb Code     0  __scatter.o(!!!scatter)
    __scatterload_loop                       0x000000d3   Thumb Code     0  __scatter.o(!!!scatter)
    __scatterload_copy                       0x00000121   Thumb Code    26  __scatter_copy.o(!!handler_copy)
    __scatterload_null                       0x00000141   Thumb Code     2  __scatter.o(!!handler_null)
    __scatterload_zeroinit                   0x00000149   Thumb Code    28  __scatter_zi.o(!!handler_zi)
    __rt_lib_init                            0x00000165   Thumb Code     0  libinit.o(.ARM.Collect$$libinit$$00000000)
    __rt_lib_init_alloca_1                   0x00000167   Thumb Code     0  libinit2.o(.ARM.Collect$$libinit$$00000030)
    __rt_lib_init_argv_1                     0x00000167   Thumb Code     0  libinit2.o(.ARM.Collect$$libinit$$0000002E)
    __rt_lib_init_atexit_1                   0x00000167   Thumb Code     0  libinit2.o(.ARM.Collect$$libinit$$0000001D)
    __rt_lib_init_clock_1                    0x00000167   Thumb Code     0  libinit2.o(.ARM.Collect$$libinit$$00000023)
    __rt_lib_init_cpp_1                      0x00000167   Thumb Code     0  libinit2.o(.ARM.Collect$$libinit$$00000034)
    __rt_lib_init_exceptions_1               0x00000167   Thumb Code     0  libinit2.o(.ARM.Collect$$libinit$$00000032)
    __rt_lib_init_fp_1                       0x00000167   Thumb Code     0  libinit2.o(.ARM.Collect$$libinit$$00000002)
    __rt_lib_init_fp_trap_1                  0x00000167   Thumb Code     0  libinit2.o(.ARM.Collect$$libinit$$00000021)
    __rt_lib_init_getenv_1                   0x00000167   Thumb Code     0  libinit2.o(.ARM.Collect$$libinit$$00000025)
    __rt_lib_init_heap_1                     0x00000167   Thumb Code     0  libinit2.o(.ARM.Collect$$libinit$$0000000C)
    __rt_lib_init_lc_collate_1               0x00000167   Thumb Code     0  libinit2.o(.ARM.Collect$$libinit$$00000013)
    __rt_lib_init_lc_ctype_1                 0x00000167   Thumb Code     0  libinit2.o(.ARM.Collect$$libinit$$00000015)
    __rt_lib_init_lc_monetary_1              0x00000167   Thumb Code     0  libinit2.o(.ARM.Collect$$libinit$$00000017)
    __rt_lib_init_lc_numeric_1               0x00000167   Thumb Code     0  libinit2.o(.ARM.Collect$$libinit$$00000019)
    __rt_lib_init_lc_time_1                  0x00000167   Thumb Code     0  libinit2.o(.ARM.Collect$$libinit$$0000001B)
    __rt_lib_init_preinit_1                  0x00000167   Thumb Code     0  libinit2.o(.ARM.Collect$$libinit$$00000006)
    __rt_lib_init_rand_1                     0x00000167   Thumb Code     0  libinit2.o(.ARM.Collect$$libinit$$00000010)
    __rt_lib_init_relocate_pie_1             0x00000167   Thumb Code     0  libinit2.o(.ARM.Collect$$libinit$$00000004)
    __rt_lib_init_return                     0x00000167   Thumb Code     0  libinit2.o(.ARM.Collect$$libinit$$00000035)
    __rt_lib_init_signal_1                   0x00000167   Thumb Code     0  libinit2.o(.ARM.Collect$$libinit$$0000001F)
    __rt_lib_init_stdio_1                    0x00000167   Thumb Code     0  libinit2.o(.ARM.Collect$$libinit$$00000027)
    __rt_lib_init_user_alloc_1               0x00000167   Thumb Code     0  libinit2.o(.ARM.Collect$$libinit$$0000000E)
    __rt_lib_shutdown                        0x00000169   Thumb Code     0  libshutdown.o(.ARM.Collect$$libshutdown$$00000000)
    __rt_lib_shutdown_cpp_1                  0x0000016b   Thumb Code     0  libshutdown2.o(.ARM.Collect$$libshutdown$$00000002)
    __rt_lib_shutdown_fp_trap_1              0x0000016b   Thumb Code     0  libshutdown2.o(.ARM.Collect$$libshutdown$$00000007)
    __rt_lib_shutdown_heap_1                 0x0000016b   Thumb Code     0  libshutdown2.o(.ARM.Collect$$libshutdown$$0000000F)
    __rt_lib_shutdown_return                 0x0000016b   Thumb Code     0  libshutdown2.o(.ARM.Collect$$libshutdown$$00000010)
    __rt_lib_shutdown_signal_1               0x0000016b   Thumb Code     0  libshutdown2.o(.ARM.Collect$$libshutdown$$0000000A)
    __rt_lib_shutdown_stdio_1                0x0000016b   Thumb Code     0  libshutdown2.o(.ARM.Collect$$libshutdown$$00000004)
    __rt_lib_shutdown_user_alloc_1           0x0000016b   Thumb Code     0  libshutdown2.o(.ARM.Collect$$libshutdown$$0000000C)
    __rt_entry                               0x0000016d   Thumb Code     0  __rtentry.o(.ARM.Collect$$rtentry$$00000000)
    __rt_entry_presh_1                       0x0000016d   Thumb Code     0  __rtentry2.o(.ARM.Collect$$rtentry$$00000002)
    __rt_entry_sh                            0x0000016d   Thumb Code     0  __rtentry4.o(.ARM.Collect$$rtentry$$00000004)
    __rt_entry_li                            0x00000173   Thumb Code     0  __rtentry2.o(.ARM.Collect$$rtentry$$0000000A)
    __rt_entry_postsh_1                      0x00000173   Thumb Code     0  __rtentry2.o(.ARM.Collect$$rtentry$$00000009)
    __rt_entry_main                          0x00000177   Thumb Code     0  __rtentry2.o(.ARM.Collect$$rtentry$$0000000D)
    __rt_entry_postli_1                      0x00000177   Thumb Code     0  __rtentry2.o(.ARM.Collect$$rtentry$$0000000C)
    __rt_exit                                0x0000017f   Thumb Code     0  rtexit.o(.ARM.Collect$$rtexit$$00000000)
    __rt_exit_ls                             0x00000181   Thumb Code     0  rtexit2.o(.ARM.Collect$$rtexit$$00000003)
    __rt_exit_prels_1                        0x00000181   Thumb Code     0  rtexit2.o(.ARM.Collect$$rtexit$$00000002)
    __rt_exit_exit                           0x00000185   Thumb Code     0  rtexit2.o(.ARM.Collect$$rtexit$$00000004)
    Reset_Handler                            0x0000018d   Thumb Code     4  startup_mspm0g350x_uvision.o(.text)
    NMI_Handler                              0x00000191   Thumb Code     2  startup_mspm0g350x_uvision.o(.text)
    HardFault_Handler                        0x00000193   Thumb Code     2  startup_mspm0g350x_uvision.o(.text)
    SVC_Handler                              0x00000195   Thumb Code     2  startup_mspm0g350x_uvision.o(.text)
    PendSV_Handler                           0x00000197   Thumb Code     2  startup_mspm0g350x_uvision.o(.text)
    SysTick_Handler                          0x00000199   Thumb Code     2  startup_mspm0g350x_uvision.o(.text)
    ADC0_IRQHandler                          0x0000019b   Thumb Code     0  startup_mspm0g350x_uvision.o(.text)
    ADC1_IRQHandler                          0x0000019b   Thumb Code     0  startup_mspm0g350x_uvision.o(.text)
    AES_IRQHandler                           0x0000019b   Thumb Code     0  startup_mspm0g350x_uvision.o(.text)
    CANFD0_IRQHandler                        0x0000019b   Thumb Code     0  startup_mspm0g350x_uvision.o(.text)
    DAC0_IRQHandler                          0x0000019b   Thumb Code     0  startup_mspm0g350x_uvision.o(.text)
    DMA_IRQHandler                           0x0000019b   Thumb Code     0  startup_mspm0g350x_uvision.o(.text)
    Default_Handler                          0x0000019b   Thumb Code     2  startup_mspm0g350x_uvision.o(.text)
    GROUP0_IRQHandler                        0x0000019b   Thumb Code     0  startup_mspm0g350x_uvision.o(.text)
    I2C0_IRQHandler                          0x0000019b   Thumb Code     0  startup_mspm0g350x_uvision.o(.text)
    RTC_IRQHandler                           0x0000019b   Thumb Code     0  startup_mspm0g350x_uvision.o(.text)
    SPI0_IRQHandler                          0x0000019b   Thumb Code     0  startup_mspm0g350x_uvision.o(.text)
    SPI1_IRQHandler                          0x0000019b   Thumb Code     0  startup_mspm0g350x_uvision.o(.text)
    TIMG12_IRQHandler                        0x0000019b   Thumb Code     0  startup_mspm0g350x_uvision.o(.text)
    TIMG6_IRQHandler                         0x0000019b   Thumb Code     0  startup_mspm0g350x_uvision.o(.text)
    TIMG7_IRQHandler                         0x0000019b   Thumb Code     0  startup_mspm0g350x_uvision.o(.text)
    TIMG8_IRQHandler                         0x0000019b   Thumb Code     0  startup_mspm0g350x_uvision.o(.text)
    UART0_IRQHandler                         0x0000019b   Thumb Code     0  startup_mspm0g350x_uvision.o(.text)
    UART1_IRQHandler                         0x0000019b   Thumb Code     0  startup_mspm0g350x_uvision.o(.text)
    UART2_IRQHandler                         0x0000019b   Thumb Code     0  startup_mspm0g350x_uvision.o(.text)
    UART3_IRQHandler                         0x0000019b   Thumb Code     0  startup_mspm0g350x_uvision.o(.text)
    __user_initial_stackheap                 0x0000019d   Thumb Code    10  startup_mspm0g350x_uvision.o(.text)
    memcmp                                   0x000001b9   Thumb Code    90  memcmp.o(.text)
    __aeabi_uidiv                            0x00000215   Thumb Code     0  aeabi_sdiv.o(.text)
    __aeabi_uidivmod                         0x00000215   Thumb Code    20  aeabi_sdiv.o(.text)
    __aeabi_idiv                             0x00000229   Thumb Code     0  aeabi_sdiv.o(.text)
    __aeabi_idivmod                          0x00000229   Thumb Code   338  aeabi_sdiv.o(.text)
    __use_two_region_memory                  0x00000381   Thumb Code     2  heapauxi.o(.text)
    __rt_heap_escrow$2region                 0x00000383   Thumb Code     2  heapauxi.o(.text)
    __rt_heap_expand$2region                 0x00000385   Thumb Code     2  heapauxi.o(.text)
    __aeabi_d2f                              0x00000389   Thumb Code     0  d2f.o(.text)
    __truncdfsf2                             0x00000389   Thumb Code     0  d2f.o(.text)
    _d2f                                     0x00000389   Thumb Code   120  d2f.o(.text)
    __adddf3                                 0x000006fd   Thumb Code     0  daddsub.o(.text)
    __aeabi_dadd                             0x000006fd   Thumb Code     0  daddsub.o(.text)
    _dadd                                    0x000006fd   Thumb Code    26  daddsub.o(.text)
    __aeabi_dsub                             0x00000717   Thumb Code     0  daddsub.o(.text)
    __subdf3                                 0x00000717   Thumb Code     0  daddsub.o(.text)
    _dsub                                    0x00000717   Thumb Code    22  daddsub.o(.text)
    __aeabi_drsub                            0x0000072d   Thumb Code     0  daddsub.o(.text)
    _drsb                                    0x0000072d   Thumb Code    28  daddsub.o(.text)
    __aeabi_ddiv                             0x0000075d   Thumb Code     0  ddiv.o(.text)
    __divdf3                                 0x0000075d   Thumb Code     0  ddiv.o(.text)
    _ddiv                                    0x0000075d   Thumb Code  1072  ddiv.o(.text)
    _drdiv                                   0x00000b8d   Thumb Code    20  ddiv.o(.text)
    __aeabi_d2uiz                            0x00000ba5   Thumb Code     0  dfixui.o(.text)
    _dfixu                                   0x00000ba5   Thumb Code    68  dfixui.o(.text)
    __aeabi_dmul                             0x00000bed   Thumb Code     0  dmul.o(.text)
    __muldf3                                 0x00000bed   Thumb Code     0  dmul.o(.text)
    _dmul                                    0x00000bed   Thumb Code   558  dmul.o(.text)
    __aeabi_f2d                              0x00000e35   Thumb Code     0  f2d.o(.text)
    __extendsfdf2                            0x00000e35   Thumb Code     0  f2d.o(.text)
    _f2d                                     0x00000e35   Thumb Code    80  f2d.o(.text)
    __aeabi_fdiv                             0x00000e89   Thumb Code     0  fdiv.o(.text)
    __divsf3                                 0x00000e89   Thumb Code     0  fdiv.o(.text)
    _fdiv                                    0x00000e89   Thumb Code   334  fdiv.o(.text)
    _frdiv                                   0x00000fd7   Thumb Code     8  fdiv.o(.text)
    __aeabi_f2iz                             0x00000fe9   Thumb Code     0  ffixi.o(.text)
    _ffix                                    0x00000fe9   Thumb Code    76  ffixi.o(.text)
    __aeabi_f2uiz                            0x00001035   Thumb Code     0  ffixui.o(.text)
    _ffixu                                   0x00001035   Thumb Code    48  ffixui.o(.text)
    __aeabi_i2f_normalise                    0x00001065   Thumb Code    72  fflti.o(.text)
    __aeabi_i2f                              0x000010ad   Thumb Code    16  fflti.o(.text)
    _fflt                                    0x000010ad   Thumb Code     0  fflti.o(.text)
    __aeabi_ui2f                             0x000010bd   Thumb Code     6  fflti.o(.text)
    _ffltu                                   0x000010bd   Thumb Code     0  fflti.o(.text)
    __read_errno                             0x000010c3   Thumb Code    10  _rserrno.o(.text)
    __set_errno                              0x000010cd   Thumb Code    12  _rserrno.o(.text)
    __ARM_scalbn                             0x000010d9   Thumb Code    84  dscalbn.o(.text)
    __aeabi_errno_addr                       0x00001139   Thumb Code     8  rt_errno_addr_intlibspace.o(.text)
    __errno$intlibspace                      0x00001139   Thumb Code     0  rt_errno_addr_intlibspace.o(.text)
    __rt_errno_addr$intlibspace              0x00001139   Thumb Code     0  rt_errno_addr_intlibspace.o(.text)
    __fpl_dcmp_InfNaN                        0x00001141   Thumb Code   154  dcmpin.o(.text)
    _dsqrt                                   0x000011e1   Thumb Code   248  dsqrt.o(.text)
    __fpl_fcmp_InfNaN                        0x000012e1   Thumb Code    96  fcmpin.o(.text)
    __user_libspace                          0x00001345   Thumb Code     8  libspace.o(.text)
    __user_perproc_libspace                  0x00001345   Thumb Code     0  libspace.o(.text)
    __user_perthread_libspace                0x00001345   Thumb Code     0  libspace.o(.text)
    __user_setup_stackheap                   0x0000134d   Thumb Code    62  sys_stackheap_outer.o(.text)
    exit                                     0x0000138b   Thumb Code    16  exit.o(.text)
    __fpl_cmpreturn                          0x0000139b   Thumb Code    46  cmpret.o(.text)
    __fpl_dcheck_NaN2                        0x000013c9   Thumb Code    14  dnan2.o(.text)
    __fpl_fcheck_NaN2                        0x000013dd   Thumb Code    10  fnan2.o(.text)
    __fpl_return_NaN                         0x000013ed   Thumb Code    94  retnan.o(.text)
    _sys_exit                                0x0000144d   Thumb Code     8  sys_exit.o(.text)
    __I$use$semihosting                      0x00001459   Thumb Code     0  use_no_semi.o(.text)
    __use_no_semihosting_swi                 0x00001459   Thumb Code     2  use_no_semi.o(.text)
    __semihosting_library_function           0x0000145b   Thumb Code     0  indicate_semi.o(.text)
    Car_Status                               0x0000145d   Thumb Code   172  car.o(.text.Car_Status)
    DL_Common_delayCycles                    0x00001515   Thumb Code    20  dl_common.o(.text.DL_Common_delayCycles)
    DL_I2C_fillControllerTXFIFO              0x0000192d   Thumb Code    84  dl_i2c.o(.text.DL_I2C_fillControllerTXFIFO)
    DL_I2C_setClockConfig                    0x00001a41   Thumb Code    48  dl_i2c.o(.text.DL_I2C_setClockConfig)
    DL_Timer_initPWMMode                     0x00001bf1   Thumb Code   260  dl_timer.o(.text.DL_Timer_initPWMMode)
    DL_Timer_initTimerMode                   0x00001cfd   Thumb Code   252  dl_timer.o(.text.DL_Timer_initTimerMode)
    DL_Timer_setCaptCompUpdateMethod         0x00001e1d   Thumb Code    48  dl_timer.o(.text.DL_Timer_setCaptCompUpdateMethod)
    DL_Timer_setCaptureCompareAction         0x00001e4d   Thumb Code    44  dl_timer.o(.text.DL_Timer_setCaptureCompareAction)
    DL_Timer_setCaptureCompareCtl            0x00001e81   Thumb Code    52  dl_timer.o(.text.DL_Timer_setCaptureCompareCtl)
    DL_Timer_setCaptureCompareInput          0x00001ebd   Thumb Code    52  dl_timer.o(.text.DL_Timer_setCaptureCompareInput)
    DL_Timer_setCaptureCompareOutCtl         0x00001ef1   Thumb Code    60  dl_timer.o(.text.DL_Timer_setCaptureCompareOutCtl)
    DL_Timer_setCaptureCompareValue          0x00001f31   Thumb Code    40  dl_timer.o(.text.DL_Timer_setCaptureCompareValue)
    DL_Timer_setClockConfig                  0x00001f5d   Thumb Code    44  dl_timer.o(.text.DL_Timer_setClockConfig)
    DL_UART_init                             0x00002009   Thumb Code    68  dl_uart.o(.text.DL_UART_init)
    DL_UART_setClockConfig                   0x000020b5   Thumb Code    32  dl_uart.o(.text.DL_UART_setClockConfig)
    Encoder_Init                             0x000020f7   Thumb Code    16  encoder.o(.text.Encoder_Init)
    GROUP1_IRQHandler                        0x00002109   Thumb Code   148  encoder.o(.text.GROUP1_IRQHandler)
    I2C1_IRQHandler                          0x000021b9   Thumb Code   268  bsp_mpu6050.o(.text.I2C1_IRQHandler)
    IncPID_Compute                           0x000022e5   Thumb Code   206  pid.o(.text.IncPID_Compute)
    IncPID_Init                              0x000023b3   Thumb Code    76  pid.o(.text.IncPID_Init)
    LED_BEEP_Off                             0x00002401   Thumb Code    16  led.o(.text.LED_BEEP_Off)
    LED_BEEP_On                              0x00002411   Thumb Code    16  led.o(.text.LED_BEEP_On)
    LED_BEEP_Toggle                          0x00002425   Thumb Code    10  led.o(.text.LED_BEEP_Toggle)
    MPU6050ReadID                            0x0000242f   Thumb Code    40  bsp_mpu6050.o(.text.MPU6050ReadID)
    MPU6050_Init                             0x00002457   Thumb Code   206  bsp_mpu6050.o(.text.MPU6050_Init)
    MPU6050_ReadData                         0x00002525   Thumb Code   316  bsp_mpu6050.o(.text.MPU6050_ReadData)
    MPU6050_WriteReg                         0x0000267d   Thumb Code   272  bsp_mpu6050.o(.text.MPU6050_WriteReg)
    MPU_Set_Accel_Fsr                        0x000027a1   Thumb Code    30  bsp_mpu6050.o(.text.MPU_Set_Accel_Fsr)
    MPU_Set_Gyro_Fsr                         0x000027bf   Thumb Code    30  bsp_mpu6050.o(.text.MPU_Set_Gyro_Fsr)
    MPU_Set_LPF                              0x000027dd   Thumb Code   144  bsp_mpu6050.o(.text.MPU_Set_LPF)
    MPU_Set_Rate                             0x0000286d   Thumb Code   108  bsp_mpu6050.o(.text.MPU_Set_Rate)
    MotorA_PWM_Duty                          0x000028dd   Thumb Code    48  pwm.o(.text.MotorA_PWM_Duty)
    MotorB_PWM_Duty                          0x00002911   Thumb Code    48  pwm.o(.text.MotorB_PWM_Duty)
    OLED_Clear                               0x0000294d   Thumb Code   106  oled.o(.text.OLED_Clear)
    OLED_I2C_Start                           0x000029b9   Thumb Code    52  oled.o(.text.OLED_I2C_Start)
    OLED_I2C_Stop                            0x000029ed   Thumb Code    44  oled.o(.text.OLED_I2C_Stop)
    OLED_I2C_WaitAck                         0x00002a19   Thumb Code    44  oled.o(.text.OLED_I2C_WaitAck)
    OLED_Init                                0x00002a45   Thumb Code   294  oled.o(.text.OLED_Init)
    OLED_Pow                                 0x00002b6b   Thumb Code    48  oled.o(.text.OLED_Pow)
    OLED_Send_Byte                           0x00002b9d   Thumb Code   120  oled.o(.text.OLED_Send_Byte)
    OLED_SetCursor                           0x00002c19   Thumb Code    54  oled.o(.text.OLED_SetCursor)
    OLED_ShowChar                            0x00002c51   Thumb Code   252  oled.o(.text.OLED_ShowChar)
    OLED_ShowFloat                           0x00002d5d   Thumb Code   278  oled.o(.text.OLED_ShowFloat)
    OLED_ShowNum                             0x00002e73   Thumb Code   140  oled.o(.text.OLED_ShowNum)
    OLED_ShowSignedNum                       0x00002eff   Thumb Code   114  oled.o(.text.OLED_ShowSignedNum)
    OLED_ShowString                          0x00002f71   Thumb Code    86  oled.o(.text.OLED_ShowString)
    OLED_WR_Byte                             0x00002fc7   Thumb Code    78  oled.o(.text.OLED_WR_Byte)
    OLED_WriteCommand                        0x00003015   Thumb Code    54  oled.o(.text.OLED_WriteCommand)
    OLED_WriteData                           0x0000304b   Thumb Code    54  oled.o(.text.OLED_WriteData)
    PID_Compute                              0x00003081   Thumb Code   216  pid.o(.text.PID_Compute)
    PID_Init                                 0x00003159   Thumb Code    92  pid.o(.text.PID_Init)
    PID_ResetTarget                          0x000031b5   Thumb Code    16  pid.o(.text.PID_ResetTarget)
    SYSCFG_DL_GPIO_init                      0x000031c5   Thumb Code   360  ti_msp_dl_config.o(.text.SYSCFG_DL_GPIO_init)
    SYSCFG_DL_I2C_MPU6050_init               0x0000333d   Thumb Code    88  ti_msp_dl_config.o(.text.SYSCFG_DL_I2C_MPU6050_init)
    SYSCFG_DL_MotorAPWM_init                 0x0000339d   Thumb Code    80  ti_msp_dl_config.o(.text.SYSCFG_DL_MotorAPWM_init)
    SYSCFG_DL_MotorBPWM_init                 0x000033f5   Thumb Code    80  ti_msp_dl_config.o(.text.SYSCFG_DL_MotorBPWM_init)
    SYSCFG_DL_SYSCTL_init                    0x0000344d   Thumb Code    34  ti_msp_dl_config.o(.text.SYSCFG_DL_SYSCTL_init)
    SYSCFG_DL_TIMER_0_init                   0x00003471   Thumb Code    40  ti_msp_dl_config.o(.text.SYSCFG_DL_TIMER_0_init)
    SYSCFG_DL_TIMER_1_init                   0x000034a1   Thumb Code    40  ti_msp_dl_config.o(.text.SYSCFG_DL_TIMER_1_init)
    SYSCFG_DL_TIMER_PID_init                 0x000034d1   Thumb Code    40  ti_msp_dl_config.o(.text.SYSCFG_DL_TIMER_PID_init)
    SYSCFG_DL_UART_0_init                    0x00003501   Thumb Code    52  ti_msp_dl_config.o(.text.SYSCFG_DL_UART_0_init)
    SYSCFG_DL_init                           0x0000353d   Thumb Code    64  ti_msp_dl_config.o(.text.SYSCFG_DL_init)
    SYSCFG_DL_initPower                      0x00003589   Thumb Code   140  ti_msp_dl_config.o(.text.SYSCFG_DL_initPower)
    TIMA0_IRQHandler                         0x00003639   Thumb Code   104  main.o(.text.TIMA0_IRQHandler)
    TIMA1_IRQHandler                         0x000036d5   Thumb Code    88  main.o(.text.TIMA1_IRQHandler)
    TIMG0_IRQHandler                         0x00003741   Thumb Code    24  encoder.o(.text.TIMG0_IRQHandler)
    board_init                               0x000037e5   Thumb Code    14  board.o(.text.board_init)
    delay_ms                                 0x0000387d   Thumb Code    34  board.o(.text.delay_ms)
    delay_us                                 0x0000389f   Thumb Code    32  board.o(.text.delay_us)
    dmp_enable_6x_lp_quat                    0x000038c1   Thumb Code    64  inv_mpu_dmp_motion_driver.o(.text.dmp_enable_6x_lp_quat)
    dmp_enable_feature                       0x00003909   Thumb Code   608  inv_mpu_dmp_motion_driver.o(.text.dmp_enable_feature)
    dmp_enable_gyro_cal                      0x00003b81   Thumb Code    80  inv_mpu_dmp_motion_driver.o(.text.dmp_enable_gyro_cal)
    dmp_enable_lp_quat                       0x00003be1   Thumb Code    64  inv_mpu_dmp_motion_driver.o(.text.dmp_enable_lp_quat)
    dmp_load_motion_driver_firmware          0x00003c29   Thumb Code    20  inv_mpu_dmp_motion_driver.o(.text.dmp_load_motion_driver_firmware)
    dmp_read_fifo                            0x00003c45   Thumb Code   492  inv_mpu_dmp_motion_driver.o(.text.dmp_read_fifo)
    dmp_set_fifo_rate                        0x00003e35   Thumb Code   128  inv_mpu_dmp_motion_driver.o(.text.dmp_set_fifo_rate)
    dmp_set_orientation                      0x00003ecd   Thumb Code   344  inv_mpu_dmp_motion_driver.o(.text.dmp_set_orientation)
    dmp_set_shake_reject_thresh              0x00004045   Thumb Code    68  inv_mpu_dmp_motion_driver.o(.text.dmp_set_shake_reject_thresh)
    dmp_set_shake_reject_time                0x00004089   Thumb Code    50  inv_mpu_dmp_motion_driver.o(.text.dmp_set_shake_reject_time)
    dmp_set_shake_reject_timeout             0x000040bb   Thumb Code    50  inv_mpu_dmp_motion_driver.o(.text.dmp_set_shake_reject_timeout)
    dmp_set_tap_axes                         0x000040ed   Thumb Code   102  inv_mpu_dmp_motion_driver.o(.text.dmp_set_tap_axes)
    dmp_set_tap_count                        0x00004153   Thumb Code    68  inv_mpu_dmp_motion_driver.o(.text.dmp_set_tap_count)
    dmp_set_tap_thresh                       0x00004199   Thumb Code   544  inv_mpu_dmp_motion_driver.o(.text.dmp_set_tap_thresh)
    dmp_set_tap_time                         0x000043d1   Thumb Code    48  inv_mpu_dmp_motion_driver.o(.text.dmp_set_tap_time)
    dmp_set_tap_time_multi                   0x00004401   Thumb Code    48  inv_mpu_dmp_motion_driver.o(.text.dmp_set_tap_time_multi)
    getEAPulseNum                            0x00004431   Thumb Code     8  encoder.o(.text.getEAPulseNum)
    getEBPulseNum                            0x0000443d   Thumb Code     8  encoder.o(.text.getEBPulseNum)
    get_Key1Num                              0x00004449   Thumb Code    60  key.o(.text.get_Key1Num)
    get_Key2Num                              0x00004485   Thumb Code    64  key.o(.text.get_Key2Num)
    get_Key3Num                              0x000044c5   Thumb Code    64  key.o(.text.get_Key3Num)
    get_TL1                                  0x00004509   Thumb Code    44  trace.o(.text.get_TL1)
    get_TL2                                  0x00004535   Thumb Code    44  trace.o(.text.get_TL2)
    get_TL3                                  0x00004561   Thumb Code    44  trace.o(.text.get_TL3)
    get_TM                                   0x0000458d   Thumb Code    44  trace.o(.text.get_TM)
    get_TR1                                  0x000045b9   Thumb Code    44  trace.o(.text.get_TR1)
    get_TR2                                  0x000045e5   Thumb Code    44  trace.o(.text.get_TR2)
    get_TR3                                  0x00004611   Thumb Code    44  trace.o(.text.get_TR3)
    get_T_ALL                                0x00004641   Thumb Code   152  trace.o(.text.get_T_ALL)
    get_Terror                               0x000046d9   Thumb Code   218  trace.o(.text.get_Terror)
    inv_orientation_matrix_to_scalar         0x000047b3   Thumb Code    62  inv_mpu.o(.text.inv_orientation_matrix_to_scalar)
    inv_row_2_scale                          0x000047f1   Thumb Code   150  inv_mpu.o(.text.inv_row_2_scale)
    main                                     0x00004889   Thumb Code  2816  main.o(.text.main)
    mget_ms                                  0x000053d1   Thumb Code     8  inv_mpu.o(.text.mget_ms)
    mpu_configure_fifo                       0x000053d9   Thumb Code   184  inv_mpu.o(.text.mpu_configure_fifo)
    mpu_dmp_get_data                         0x00005495   Thumb Code   524  inv_mpu.o(.text.mpu_dmp_get_data)
    mpu_dmp_init                             0x000056a9   Thumb Code   276  inv_mpu.o(.text.mpu_dmp_init)
    mpu_get_accel_fsr                        0x000057c1   Thumb Code   112  inv_mpu.o(.text.mpu_get_accel_fsr)
    mpu_init                                 0x00005835   Thumb Code   492  inv_mpu.o(.text.mpu_init)
    mpu_load_firmware                        0x00005a25   Thumb Code   288  inv_mpu.o(.text.mpu_load_firmware)
    mpu_lp_accel_mode                        0x00005b49   Thumb Code   268  inv_mpu.o(.text.mpu_lp_accel_mode)
    mpu_read_fifo_stream                     0x00005c59   Thumb Code   260  inv_mpu.o(.text.mpu_read_fifo_stream)
    mpu_read_mem                             0x00005d5d   Thumb Code   168  inv_mpu.o(.text.mpu_read_mem)
    mpu_reset_fifo                           0x00005e09   Thumb Code   540  inv_mpu.o(.text.mpu_reset_fifo)
    mpu_set_accel_fsr                        0x00006029   Thumb Code   224  inv_mpu.o(.text.mpu_set_accel_fsr)
    mpu_set_bypass                           0x0000610d   Thumb Code   412  inv_mpu.o(.text.mpu_set_bypass)
    mpu_set_dmp_state                        0x000062ad   Thumb Code   180  inv_mpu.o(.text.mpu_set_dmp_state)
    mpu_set_gyro_fsr                         0x00006365   Thumb Code   192  inv_mpu.o(.text.mpu_set_gyro_fsr)
    mpu_set_int_latched                      0x00006429   Thumb Code   152  inv_mpu.o(.text.mpu_set_int_latched)
    mpu_set_lpf                              0x000064c5   Thumb Code   204  inv_mpu.o(.text.mpu_set_lpf)
    mpu_set_sample_rate                      0x00006595   Thumb Code   228  inv_mpu.o(.text.mpu_set_sample_rate)
    mpu_set_sensors                          0x00006681   Thumb Code   300  inv_mpu.o(.text.mpu_set_sensors)
    mpu_write_mem                            0x000067b1   Thumb Code   168  inv_mpu.o(.text.mpu_write_mem)
    __ARM_fpclassify                         0x00006931   Thumb Code    40  fpclassify.o(i.__ARM_fpclassify)
    __kernel_poly                            0x0000695d   Thumb Code   172  poly.o(i.__kernel_poly)
    __mathlib_dbl_infnan                     0x00006a09   Thumb Code    10  dunder.o(i.__mathlib_dbl_infnan)
    __mathlib_dbl_infnan2                    0x00006a13   Thumb Code     8  dunder.o(i.__mathlib_dbl_infnan2)
    __mathlib_dbl_invalid                    0x00006a1b   Thumb Code    16  dunder.o(i.__mathlib_dbl_invalid)
    __mathlib_dbl_underflow                  0x00006a2d   Thumb Code    14  dunder.o(i.__mathlib_dbl_underflow)
    __aeabi_fcmpeq                           0x00006a41   Thumb Code     0  fcmp.o(i._feq)
    _feq                                     0x00006a41   Thumb Code    22  fcmp.o(i._feq)
    __aeabi_fcmpge                           0x00006a57   Thumb Code     0  fcmp.o(i._fgeq)
    _fgeq                                    0x00006a57   Thumb Code    22  fcmp.o(i._fgeq)
    __aeabi_fcmple                           0x00006a6d   Thumb Code     0  fcmp.o(i._fleq)
    _fleq                                    0x00006a6d   Thumb Code    26  fcmp.o(i._fleq)
    asin                                     0x00006a89   Thumb Code   574  asin.o(i.asin)
    atan                                     0x00006cfd   Thumb Code   472  atan.o(i.atan)
    atan2                                    0x00006f19   Thumb Code   372  atan2.o(i.atan2)
    sqrt                                     0x000070b5   Thumb Code    66  sqrt.o(i.sqrt)
    __aeabi_cdcmpeq                          0x000070fd   Thumb Code     0  deqf.o(x$fpl$deqf)
    _dcmpeq                                  0x000070fd   Thumb Code    94  deqf.o(x$fpl$deqf)
    __aeabi_fadd                             0x00007161   Thumb Code     0  faddsub.o(x$fpl$fadd)
    _fadd                                    0x00007161   Thumb Code   134  faddsub.o(x$fpl$fadd)
    __aeabi_cfcmpeq                          0x000071ed   Thumb Code     0  feqf.o(x$fpl$feqf)
    _fcmpeq                                  0x000071ed   Thumb Code    78  feqf.o(x$fpl$feqf)
    _fcmpge                                  0x00007241   Thumb Code    78  fgef.o(x$fpl$fgeqf)
    __aeabi_cfcmple                          0x00007295   Thumb Code     0  flef.o(x$fpl$fleqf)
    _fcmple                                  0x00007295   Thumb Code    78  flef.o(x$fpl$fleqf)
    __aeabi_fmul                             0x000072e9   Thumb Code     0  fmul.o(x$fpl$fmul)
    _fmul                                    0x000072e9   Thumb Code   172  fmul.o(x$fpl$fmul)
    __aeabi_fsub                             0x00007399   Thumb Code     0  faddsub.o(x$fpl$fsub)
    _fsub                                    0x00007399   Thumb Code   204  faddsub.o(x$fpl$fsub)
    __I$use$fp                               0x00007468   Number         0  usenofp.o(x$fpl$usenofp)
    __mathlib_zero                           0x00007610   Data           8  qnan.o(.constdata)
    OLED_F6x8                                0x00007618   Data         552  oled.o(.rodata.OLED_F6x8)
    OLED_F8x16                               0x00007840   Data        1520  oled.o(.rodata.OLED_F8x16)
    hw                                       0x00008a94   Data          12  inv_mpu.o(.rodata.hw)
    reg                                      0x00008aa0   Data          27  inv_mpu.o(.rodata.reg)
    test                                     0x00008b24   Data          40  inv_mpu.o(.rodata.test)
    Region$$Table$$Base                      0x00008b50   Number         0  anon$$obj.o(Region$$Table)
    Region$$Table$$Limit                     0x00008b70   Number         0  anon$$obj.o(Region$$Table)
    MPU6050runflag                           0x20200000   Data           4  main.o(.data.MPU6050runflag)
    MotorA_Kd                                0x20200004   Data           4  main.o(.data.MotorA_Kd)
    MotorA_Ki                                0x20200008   Data           4  main.o(.data.MotorA_Ki)
    MotorA_Kp                                0x2020000c   Data           4  main.o(.data.MotorA_Kp)
    MotorB_Kd                                0x20200010   Data           4  main.o(.data.MotorB_Kd)
    MotorB_Ki                                0x20200014   Data           4  main.o(.data.MotorB_Ki)
    MotorB_Kp                                0x20200018   Data           4  main.o(.data.MotorB_Kp)
    Trace_Kp                                 0x2020001c   Data           4  main.o(.data.Trace_Kp)
    Trace_target                             0x20200020   Data           4  main.o(.data.Trace_target)
    yaw_Kd                                   0x2020005c   Data           4  main.o(.data.yaw_Kd)
    yaw_Kp                                   0x20200060   Data           4  main.o(.data.yaw_Kp)
    yaw_target                               0x20200064   Data           4  main.o(.data.yaw_target)
    __libspace_start                         0x20200068   Data          96  libspace.o(.bss)
    CumulativePulsePA8                       0x202000c8   Data           2  encoder.o(.bss.CumulativePulsePA8)
    __temporary_stack_top$libspace           0x202000c8   Data           0  libspace.o(.bss)
    CumulativePulsePA9                       0x202000ca   Data           2  encoder.o(.bss.CumulativePulsePA9)
    Enable_CP                                0x202000cc   Data           1  encoder.o(.bss.Enable_CP)
    LED_BEEP_Count                           0x202000cd   Data           1  main.o(.bss.LED_BEEP_Count)
    LED_BEEP_Flag                            0x202000ce   Data           1  main.o(.bss.LED_BEEP_Flag)
    MPU6050flag                              0x202000cf   Data           1  bsp_mpu6050.o(.bss.MPU6050flag)
    MPU6050reInitFlag                        0x202000d0   Data           1  bsp_mpu6050.o(.bss.MPU6050reInitFlag)
    MotorAPID                                0x202000d4   Data          48  main.o(.bss.MotorAPID)
    MotorA_now                               0x20200104   Data           4  main.o(.bss.MotorA_now)
    MotorA_pidout                            0x20200108   Data           4  main.o(.bss.MotorA_pidout)
    MotorA_target                            0x2020010c   Data           4  main.o(.bss.MotorA_target)
    MotorBPID                                0x20200110   Data          48  main.o(.bss.MotorBPID)
    MotorB_now                               0x20200140   Data           4  main.o(.bss.MotorB_now)
    MotorB_pidout                            0x20200144   Data           4  main.o(.bss.MotorB_pidout)
    MotorB_target                            0x20200148   Data           4  main.o(.bss.MotorB_target)
    PA8PulseNumber                           0x2020014c   Data           2  encoder.o(.bss.PA8PulseNumber)
    PA8_Count                                0x2020014e   Data           2  encoder.o(.bss.PA8_Count)
    PA9PulseNumber                           0x20200150   Data           2  encoder.o(.bss.PA9PulseNumber)
    PA9_Count                                0x20200152   Data           2  encoder.o(.bss.PA9_Count)
    TracePID                                 0x20200154   Data          40  main.o(.bss.TracePID)
    Trace_Kd                                 0x2020017c   Data           4  main.o(.bss.Trace_Kd)
    Trace_Ki                                 0x20200180   Data           4  main.o(.bss.Trace_Ki)
    Trace_now                                0x20200184   Data           1  main.o(.bss.Trace_now)
    Trace_pidout                             0x20200188   Data           4  main.o(.bss.Trace_pidout)
    gI2cControllerStatus                     0x2020019c   Data           1  bsp_mpu6050.o(.bss.gI2cControllerStatus)
    gMotorBPWMBackup                         0x202001a0   Data         120  ti_msp_dl_config.o(.bss.gMotorBPWMBackup)
    gRxCount                                 0x20200218   Data           4  bsp_mpu6050.o(.bss.gRxCount)
    gRxLen                                   0x2020021c   Data           4  bsp_mpu6050.o(.bss.gRxLen)
    gRxPacket                                0x20200220   Data         128  bsp_mpu6050.o(.bss.gRxPacket)
    gTIMER_1Backup                           0x202002a0   Data         188  ti_msp_dl_config.o(.bss.gTIMER_1Backup)
    gTIMER_PIDBackup                         0x2020035c   Data         188  ti_msp_dl_config.o(.bss.gTIMER_PIDBackup)
    gTxCount                                 0x20200418   Data           4  bsp_mpu6050.o(.bss.gTxCount)
    gTxLen                                   0x2020041c   Data           4  bsp_mpu6050.o(.bss.gTxLen)
    gTxPacket                                0x20200420   Data         128  bsp_mpu6050.o(.bss.gTxPacket)
    gpioA                                    0x202004a0   Data           4  encoder.o(.bss.gpioA)
    initflag                                 0x202004a4   Data           1  bsp_mpu6050.o(.bss.initflag)
    pitch                                    0x202004a8   Data           4  main.o(.bss.pitch)
    roll                                     0x202004ac   Data           4  main.o(.bss.roll)
    yaw                                      0x202004b0   Data           4  main.o(.bss.yaw)
    yawP                                     0x202004b4   Data           4  main.o(.bss.yawP)
    yawPID                                   0x202004b8   Data          48  main.o(.bss.yawPID)
    yawSelectedTarget                        0x202004e8   Data           4  main.o(.bss.yawSelectedTarget)
    yawTarget2A_B                            0x202004ec   Data           4  main.o(.bss.yawTarget2A_B)
    yawTarget2C_D                            0x202004f0   Data           4  main.o(.bss.yawTarget2C_D)
    yawTarget3A_C                            0x202004f4   Data           4  main.o(.bss.yawTarget3A_C)
    yawTarget3B_D                            0x202004f8   Data           4  main.o(.bss.yawTarget3B_D)
    yaw_Ki                                   0x202004fc   Data           4  main.o(.bss.yaw_Ki)
    yaw_now                                  0x20200500   Data           4  main.o(.bss.yaw_now)
    yaw_pidout                               0x20200504   Data           4  main.o(.bss.yaw_pidout)



==============================================================================

Memory Map of the image

  Image Entry point : 0x000000c1

  Load Region LR_IROM1 (Base: 0x00000000, Size: 0x00008bd8, Max: 0x00020000, ABSOLUTE)

    Execution Region ER_IROM1 (Exec base: 0x00000000, Load base: 0x00000000, Size: 0x00008b70, Max: 0x00020000, ABSOLUTE)

    Exec Addr    Load Addr    Size         Type   Attr      Idx    E Section Name        Object

    0x00000000   0x00000000   0x000000c0   Data   RO         1845    RESET               startup_mspm0g350x_uvision.o
    0x000000c0   0x000000c0   0x00000008   Code   RO         1866  * !!!main             c_p.l(__main.o)
    0x000000c8   0x000000c8   0x00000054   Code   RO         2174    !!!scatter          c_p.l(__scatter.o)
    0x0000011c   0x0000011c   0x00000004   PAD
    0x00000120   0x00000120   0x0000001a   Code   RO         2178    !!handler_copy      c_p.l(__scatter_copy.o)
    0x0000013a   0x0000013a   0x00000006   PAD
    0x00000140   0x00000140   0x00000002   Code   RO         2175    !!handler_null      c_p.l(__scatter.o)
    0x00000142   0x00000142   0x00000006   PAD
    0x00000148   0x00000148   0x0000001c   Code   RO         2180    !!handler_zi        c_p.l(__scatter_zi.o)
    0x00000164   0x00000164   0x00000002   Code   RO         2030    .ARM.Collect$$libinit$$00000000  c_p.l(libinit.o)
    0x00000166   0x00000166   0x00000000   Code   RO         2047    .ARM.Collect$$libinit$$00000002  c_p.l(libinit2.o)
    0x00000166   0x00000166   0x00000000   Code   RO         2049    .ARM.Collect$$libinit$$00000004  c_p.l(libinit2.o)
    0x00000166   0x00000166   0x00000000   Code   RO         2051    .ARM.Collect$$libinit$$00000006  c_p.l(libinit2.o)
    0x00000166   0x00000166   0x00000000   Code   RO         2054    .ARM.Collect$$libinit$$0000000C  c_p.l(libinit2.o)
    0x00000166   0x00000166   0x00000000   Code   RO         2056    .ARM.Collect$$libinit$$0000000E  c_p.l(libinit2.o)
    0x00000166   0x00000166   0x00000000   Code   RO         2058    .ARM.Collect$$libinit$$00000010  c_p.l(libinit2.o)
    0x00000166   0x00000166   0x00000000   Code   RO         2061    .ARM.Collect$$libinit$$00000013  c_p.l(libinit2.o)
    0x00000166   0x00000166   0x00000000   Code   RO         2063    .ARM.Collect$$libinit$$00000015  c_p.l(libinit2.o)
    0x00000166   0x00000166   0x00000000   Code   RO         2065    .ARM.Collect$$libinit$$00000017  c_p.l(libinit2.o)
    0x00000166   0x00000166   0x00000000   Code   RO         2067    .ARM.Collect$$libinit$$00000019  c_p.l(libinit2.o)
    0x00000166   0x00000166   0x00000000   Code   RO         2069    .ARM.Collect$$libinit$$0000001B  c_p.l(libinit2.o)
    0x00000166   0x00000166   0x00000000   Code   RO         2071    .ARM.Collect$$libinit$$0000001D  c_p.l(libinit2.o)
    0x00000166   0x00000166   0x00000000   Code   RO         2073    .ARM.Collect$$libinit$$0000001F  c_p.l(libinit2.o)
    0x00000166   0x00000166   0x00000000   Code   RO         2075    .ARM.Collect$$libinit$$00000021  c_p.l(libinit2.o)
    0x00000166   0x00000166   0x00000000   Code   RO         2077    .ARM.Collect$$libinit$$00000023  c_p.l(libinit2.o)
    0x00000166   0x00000166   0x00000000   Code   RO         2079    .ARM.Collect$$libinit$$00000025  c_p.l(libinit2.o)
    0x00000166   0x00000166   0x00000000   Code   RO         2081    .ARM.Collect$$libinit$$00000027  c_p.l(libinit2.o)
    0x00000166   0x00000166   0x00000000   Code   RO         2085    .ARM.Collect$$libinit$$0000002E  c_p.l(libinit2.o)
    0x00000166   0x00000166   0x00000000   Code   RO         2087    .ARM.Collect$$libinit$$00000030  c_p.l(libinit2.o)
    0x00000166   0x00000166   0x00000000   Code   RO         2089    .ARM.Collect$$libinit$$00000032  c_p.l(libinit2.o)
    0x00000166   0x00000166   0x00000000   Code   RO         2091    .ARM.Collect$$libinit$$00000034  c_p.l(libinit2.o)
    0x00000166   0x00000166   0x00000002   Code   RO         2092    .ARM.Collect$$libinit$$00000035  c_p.l(libinit2.o)
    0x00000168   0x00000168   0x00000002   Code   RO         2129    .ARM.Collect$$libshutdown$$00000000  c_p.l(libshutdown.o)
    0x0000016a   0x0000016a   0x00000000   Code   RO         2157    .ARM.Collect$$libshutdown$$00000002  c_p.l(libshutdown2.o)
    0x0000016a   0x0000016a   0x00000000   Code   RO         2159    .ARM.Collect$$libshutdown$$00000004  c_p.l(libshutdown2.o)
    0x0000016a   0x0000016a   0x00000000   Code   RO         2162    .ARM.Collect$$libshutdown$$00000007  c_p.l(libshutdown2.o)
    0x0000016a   0x0000016a   0x00000000   Code   RO         2165    .ARM.Collect$$libshutdown$$0000000A  c_p.l(libshutdown2.o)
    0x0000016a   0x0000016a   0x00000000   Code   RO         2167    .ARM.Collect$$libshutdown$$0000000C  c_p.l(libshutdown2.o)
    0x0000016a   0x0000016a   0x00000000   Code   RO         2170    .ARM.Collect$$libshutdown$$0000000F  c_p.l(libshutdown2.o)
    0x0000016a   0x0000016a   0x00000002   Code   RO         2171    .ARM.Collect$$libshutdown$$00000010  c_p.l(libshutdown2.o)
    0x0000016c   0x0000016c   0x00000000   Code   RO         1933    .ARM.Collect$$rtentry$$00000000  c_p.l(__rtentry.o)
    0x0000016c   0x0000016c   0x00000000   Code   RO         1986    .ARM.Collect$$rtentry$$00000002  c_p.l(__rtentry2.o)
    0x0000016c   0x0000016c   0x00000006   Code   RO         1998    .ARM.Collect$$rtentry$$00000004  c_p.l(__rtentry4.o)
    0x00000172   0x00000172   0x00000000   Code   RO         1988    .ARM.Collect$$rtentry$$00000009  c_p.l(__rtentry2.o)
    0x00000172   0x00000172   0x00000004   Code   RO         1989    .ARM.Collect$$rtentry$$0000000A  c_p.l(__rtentry2.o)
    0x00000176   0x00000176   0x00000000   Code   RO         1991    .ARM.Collect$$rtentry$$0000000C  c_p.l(__rtentry2.o)
    0x00000176   0x00000176   0x00000008   Code   RO         1992    .ARM.Collect$$rtentry$$0000000D  c_p.l(__rtentry2.o)
    0x0000017e   0x0000017e   0x00000002   Code   RO         2038    .ARM.Collect$$rtexit$$00000000  c_p.l(rtexit.o)
    0x00000180   0x00000180   0x00000000   Code   RO         2100    .ARM.Collect$$rtexit$$00000002  c_p.l(rtexit2.o)
    0x00000180   0x00000180   0x00000004   Code   RO         2101    .ARM.Collect$$rtexit$$00000003  c_p.l(rtexit2.o)
    0x00000184   0x00000184   0x00000006   Code   RO         2102    .ARM.Collect$$rtexit$$00000004  c_p.l(rtexit2.o)
    0x0000018a   0x0000018a   0x00000002   PAD
    0x0000018c   0x0000018c   0x0000002c   Code   RO         1846    .text               startup_mspm0g350x_uvision.o
    0x000001b8   0x000001b8   0x0000005a   Code   RO         1858    .text               c_p.l(memcmp.o)
    0x00000212   0x00000212   0x00000002   PAD
    0x00000214   0x00000214   0x0000016c   Code   RO         1860    .text               c_p.l(aeabi_sdiv.o)
    0x00000380   0x00000380   0x00000006   Code   RO         1864    .text               c_p.l(heapauxi.o)
    0x00000386   0x00000386   0x00000002   PAD
    0x00000388   0x00000388   0x0000007c   Code   RO         1868    .text               fz_ps.l(d2f.o)
    0x00000404   0x00000404   0x00000358   Code   RO         1870    .text               fz_ps.l(daddsub.o)
    0x0000075c   0x0000075c   0x00000448   Code   RO         1872    .text               fz_ps.l(ddiv.o)
    0x00000ba4   0x00000ba4   0x00000048   Code   RO         1875    .text               fz_ps.l(dfixui.o)
    0x00000bec   0x00000bec   0x00000248   Code   RO         1879    .text               fz_ps.l(dmul.o)
    0x00000e34   0x00000e34   0x00000054   Code   RO         1881    .text               fz_ps.l(f2d.o)
    0x00000e88   0x00000e88   0x00000160   Code   RO         1913    .text               fz_ps.l(fdiv.o)
    0x00000fe8   0x00000fe8   0x0000004c   Code   RO         1916    .text               fz_ps.l(ffixi.o)
    0x00001034   0x00001034   0x00000030   Code   RO         1918    .text               fz_ps.l(ffixui.o)
    0x00001064   0x00001064   0x0000005e   Code   RO         1920    .text               fz_ps.l(fflti.o)
    0x000010c2   0x000010c2   0x00000016   Code   RO         1944    .text               c_p.l(_rserrno.o)
    0x000010d8   0x000010d8   0x00000060   Code   RO         1948    .text               fz_ps.l(dscalbn.o)
    0x00001138   0x00001138   0x00000008   Code   RO         2005    .text               c_p.l(rt_errno_addr_intlibspace.o)
    0x00001140   0x00001140   0x000000a0   Code   RO         2007    .text               fz_ps.l(dcmpin.o)
    0x000011e0   0x000011e0   0x00000100   Code   RO         2009    .text               fz_ps.l(dsqrt.o)
    0x000012e0   0x000012e0   0x00000064   Code   RO         2011    .text               fz_ps.l(fcmpin.o)
    0x00001344   0x00001344   0x00000008   Code   RO         2013    .text               c_p.l(libspace.o)
    0x0000134c   0x0000134c   0x0000003e   Code   RO         2016    .text               c_p.l(sys_stackheap_outer.o)
    0x0000138a   0x0000138a   0x00000010   Code   RO         2019    .text               c_p.l(exit.o)
    0x0000139a   0x0000139a   0x0000002e   Code   RO         2031    .text               fz_ps.l(cmpret.o)
    0x000013c8   0x000013c8   0x00000014   Code   RO         2033    .text               fz_ps.l(dnan2.o)
    0x000013dc   0x000013dc   0x00000010   Code   RO         2035    .text               fz_ps.l(fnan2.o)
    0x000013ec   0x000013ec   0x0000005e   Code   RO         2093    .text               fz_ps.l(retnan.o)
    0x0000144a   0x0000144a   0x00000002   PAD
    0x0000144c   0x0000144c   0x0000000c   Code   RO         2095    .text               c_p.l(sys_exit.o)
    0x00001458   0x00001458   0x00000002   Code   RO         2118    .text               c_p.l(use_no_semi.o)
    0x0000145a   0x0000145a   0x00000000   Code   RO         2120    .text               c_p.l(indicate_semi.o)
    0x0000145a   0x0000145a   0x00000002   PAD
    0x0000145c   0x0000145c   0x000000b8   Code   RO          272    .text.Car_Status    car.o
    0x00001514   0x00001514   0x00000014   Code   RO          716    .text.DL_Common_delayCycles  dl_common.o
    0x00001528   0x00001528   0x00000028   Code   RO          169    .text.DL_Common_updateReg  ti_msp_dl_config.o
    0x00001550   0x00001550   0x00000028   Code   RO          253    .text.DL_Common_updateReg  bsp_mpu6050.o
    0x00001578   0x00001578   0x00000028   Code   RO         1017    .text.DL_Common_updateReg  dl_i2c.o
    0x000015a0   0x000015a0   0x00000028   Code   RO         1617    .text.DL_Common_updateReg  dl_timer.o
    0x000015c8   0x000015c8   0x00000028   Code   RO         1723    .text.DL_Common_updateReg  dl_uart.o
    0x000015f0   0x000015f0   0x00000018   Code   RO          125    .text.DL_GPIO_clearInterruptStatus  ti_msp_dl_config.o
    0x00001608   0x00001608   0x0000001c   Code   RO          299    .text.DL_GPIO_clearInterruptStatus  encoder.o
    0x00001624   0x00001624   0x00000014   Code   RO          119    .text.DL_GPIO_clearPins  ti_msp_dl_config.o
    0x00001638   0x00001638   0x00000014   Code   RO          274    .text.DL_GPIO_clearPins  car.o
    0x0000164c   0x0000164c   0x00000014   Code   RO          527    .text.DL_GPIO_clearPins  led.o
    0x00001660   0x00001660   0x00000014   Code   RO          548    .text.DL_GPIO_clearPins  oled.o
    0x00001674   0x00001674   0x00000018   Code   RO          107    .text.DL_GPIO_enableHiZ  ti_msp_dl_config.o
    0x0000168c   0x0000168c   0x00000018   Code   RO          127    .text.DL_GPIO_enableInterrupt  ti_msp_dl_config.o
    0x000016a4   0x000016a4   0x00000018   Code   RO          103    .text.DL_GPIO_enableOutput  ti_msp_dl_config.o
    0x000016bc   0x000016bc   0x00000014   Code   RO           93    .text.DL_GPIO_enablePower  ti_msp_dl_config.o
    0x000016d0   0x000016d0   0x00000018   Code   RO          297    .text.DL_GPIO_getEnabledInterruptStatus  encoder.o
    0x000016e8   0x000016e8   0x00000014   Code   RO          115    .text.DL_GPIO_initDigitalInput  ti_msp_dl_config.o
    0x000016fc   0x000016fc   0x00000030   Code   RO          117    .text.DL_GPIO_initDigitalInputFeatures  ti_msp_dl_config.o
    0x0000172c   0x0000172c   0x00000014   Code   RO          113    .text.DL_GPIO_initDigitalOutput  ti_msp_dl_config.o
    0x00001740   0x00001740   0x0000002c   Code   RO          111    .text.DL_GPIO_initDigitalOutputFeatures  ti_msp_dl_config.o
    0x0000176c   0x0000176c   0x00000018   Code   RO          109    .text.DL_GPIO_initPeripheralInputFunction  ti_msp_dl_config.o
    0x00001784   0x00001784   0x00000038   Code   RO          105    .text.DL_GPIO_initPeripheralInputFunctionFeatures  ti_msp_dl_config.o
    0x000017bc   0x000017bc   0x0000001c   Code   RO          101    .text.DL_GPIO_initPeripheralOutputFunction  ti_msp_dl_config.o
    0x000017d8   0x000017d8   0x00000016   Code   RO          508    .text.DL_GPIO_readPins  key.o
    0x000017ee   0x000017ee   0x00000016   Code   RO          613    .text.DL_GPIO_readPins  trace.o
    0x00001804   0x00001804   0x00000010   Code   RO           85    .text.DL_GPIO_reset  ti_msp_dl_config.o
    0x00001814   0x00001814   0x0000001c   Code   RO          123    .text.DL_GPIO_setLowerPinsPolarity  ti_msp_dl_config.o
    0x00001830   0x00001830   0x00000014   Code   RO          121    .text.DL_GPIO_setPins  ti_msp_dl_config.o
    0x00001844   0x00001844   0x00000014   Code   RO          276    .text.DL_GPIO_setPins  car.o
    0x00001858   0x00001858   0x00000014   Code   RO          523    .text.DL_GPIO_setPins  led.o
    0x0000186c   0x0000186c   0x00000018   Code   RO          546    .text.DL_GPIO_setPins  oled.o
    0x00001884   0x00001884   0x00000018   Code   RO          219    .text.DL_I2C_disableInterrupt  bsp_mpu6050.o
    0x0000189c   0x0000189c   0x00000018   Code   RO          147    .text.DL_I2C_enableAnalogGlitchFilter  ti_msp_dl_config.o
    0x000018b4   0x000018b4   0x00000014   Code   RO          161    .text.DL_I2C_enableController  ti_msp_dl_config.o
    0x000018c8   0x000018c8   0x00000018   Code   RO          157    .text.DL_I2C_enableControllerClockStretching  ti_msp_dl_config.o
    0x000018e0   0x000018e0   0x00000018   Code   RO          159    .text.DL_I2C_enableInterrupt  ti_msp_dl_config.o
    0x000018f8   0x000018f8   0x0000001c   Code   RO          217    .text.DL_I2C_enableInterrupt  bsp_mpu6050.o
    0x00001914   0x00001914   0x00000018   Code   RO           97    .text.DL_I2C_enablePower  ti_msp_dl_config.o
    0x0000192c   0x0000192c   0x00000054   Code   RO         1021    .text.DL_I2C_fillControllerTXFIFO  dl_i2c.o
    0x00001980   0x00001980   0x00000014   Code   RO          221    .text.DL_I2C_getControllerStatus  bsp_mpu6050.o
    0x00001994   0x00001994   0x00000012   Code   RO          247    .text.DL_I2C_getPendingInterrupt  bsp_mpu6050.o
    0x000019a6   0x000019a6   0x00000002   PAD
    0x000019a8   0x000019a8   0x00000018   Code   RO          249    .text.DL_I2C_isControllerRXFIFOEmpty  bsp_mpu6050.o
    0x000019c0   0x000019c0   0x0000001c   Code   RO         1023    .text.DL_I2C_isControllerTXFIFOFull  dl_i2c.o
    0x000019dc   0x000019dc   0x00000014   Code   RO          251    .text.DL_I2C_receiveControllerData  bsp_mpu6050.o
    0x000019f0   0x000019f0   0x00000018   Code   RO           89    .text.DL_I2C_reset  ti_msp_dl_config.o
    0x00001a08   0x00001a08   0x00000010   Code   RO          149    .text.DL_I2C_resetControllerTransfer  ti_msp_dl_config.o
    0x00001a18   0x00001a18   0x00000026   Code   RO          145    .text.DL_I2C_setAnalogGlitchFilterPulseWidth  ti_msp_dl_config.o
    0x00001a3e   0x00001a3e   0x00000002   PAD
    0x00001a40   0x00001a40   0x00000034   Code   RO         1015    .text.DL_I2C_setClockConfig  dl_i2c.o
    0x00001a74   0x00001a74   0x00000024   Code   RO          155    .text.DL_I2C_setControllerRXFIFOThreshold  ti_msp_dl_config.o
    0x00001a98   0x00001a98   0x00000028   Code   RO          153    .text.DL_I2C_setControllerTXFIFOThreshold  ti_msp_dl_config.o
    0x00001ac0   0x00001ac0   0x00000018   Code   RO          151    .text.DL_I2C_setTimerPeriod  ti_msp_dl_config.o
    0x00001ad8   0x00001ad8   0x00000050   Code   RO          223    .text.DL_I2C_startControllerTransfer  bsp_mpu6050.o
    0x00001b28   0x00001b28   0x00000016   Code   RO         1025    .text.DL_I2C_transmitControllerData  dl_i2c.o
    0x00001b3e   0x00001b3e   0x00000002   PAD
    0x00001b40   0x00001b40   0x0000000c   Code   RO          133    .text.DL_SYSCTL_disableHFXT  ti_msp_dl_config.o
    0x00001b4c   0x00001b4c   0x00000014   Code   RO          135    .text.DL_SYSCTL_disableSYSPLL  ti_msp_dl_config.o
    0x00001b60   0x00001b60   0x00000014   Code   RO          137    .text.DL_SYSCTL_enableMFCLK  ti_msp_dl_config.o
    0x00001b74   0x00001b74   0x00000018   Code   RO          129    .text.DL_SYSCTL_setBORThreshold  ti_msp_dl_config.o
    0x00001b8c   0x00001b8c   0x0000001c   Code   RO          131    .text.DL_SYSCTL_setSYSOSCFreq  ti_msp_dl_config.o
    0x00001ba8   0x00001ba8   0x00000014   Code   RO          139    .text.DL_Timer_enableClock  ti_msp_dl_config.o
    0x00001bbc   0x00001bbc   0x0000001c   Code   RO          143    .text.DL_Timer_enableInterrupt  ti_msp_dl_config.o
    0x00001bd8   0x00001bd8   0x00000018   Code   RO           95    .text.DL_Timer_enablePower  ti_msp_dl_config.o
    0x00001bf0   0x00001bf0   0x0000010c   Code   RO         1629    .text.DL_Timer_initPWMMode  dl_timer.o
    0x00001cfc   0x00001cfc   0x000000fc   Code   RO         1599    .text.DL_Timer_initTimerMode  dl_timer.o
    0x00001df8   0x00001df8   0x00000010   Code   RO           87    .text.DL_Timer_reset  ti_msp_dl_config.o
    0x00001e08   0x00001e08   0x00000014   Code   RO          141    .text.DL_Timer_setCCPDirection  ti_msp_dl_config.o
    0x00001e1c   0x00001e1c   0x00000030   Code   RO         1659    .text.DL_Timer_setCaptCompUpdateMethod  dl_timer.o
    0x00001e4c   0x00001e4c   0x00000034   Code   RO         1631    .text.DL_Timer_setCaptureCompareAction  dl_timer.o
    0x00001e80   0x00001e80   0x0000003c   Code   RO         1607    .text.DL_Timer_setCaptureCompareCtl  dl_timer.o
    0x00001ebc   0x00001ebc   0x00000034   Code   RO         1613    .text.DL_Timer_setCaptureCompareInput  dl_timer.o
    0x00001ef0   0x00001ef0   0x00000040   Code   RO         1633    .text.DL_Timer_setCaptureCompareOutCtl  dl_timer.o
    0x00001f30   0x00001f30   0x0000002c   Code   RO         1605    .text.DL_Timer_setCaptureCompareValue  dl_timer.o
    0x00001f5c   0x00001f5c   0x00000030   Code   RO         1595    .text.DL_Timer_setClockConfig  dl_timer.o
    0x00001f8c   0x00001f8c   0x00000020   Code   RO         1603    .text.DL_Timer_setCounterValueAfterEnable  dl_timer.o
    0x00001fac   0x00001fac   0x00000018   Code   RO         1601    .text.DL_Timer_setLoadValue  dl_timer.o
    0x00001fc4   0x00001fc4   0x00000016   Code   RO         1721    .text.DL_UART_disable  dl_uart.o
    0x00001fda   0x00001fda   0x00000016   Code   RO          167    .text.DL_UART_enable  ti_msp_dl_config.o
    0x00001ff0   0x00001ff0   0x00000018   Code   RO           99    .text.DL_UART_enablePower  ti_msp_dl_config.o
    0x00002008   0x00002008   0x00000048   Code   RO         1719    .text.DL_UART_init  dl_uart.o
    0x00002050   0x00002050   0x00000018   Code   RO           91    .text.DL_UART_reset  ti_msp_dl_config.o
    0x00002068   0x00002068   0x0000004c   Code   RO          165    .text.DL_UART_setBaudRateDivisor  ti_msp_dl_config.o
    0x000020b4   0x000020b4   0x00000024   Code   RO         1725    .text.DL_UART_setClockConfig  dl_uart.o
    0x000020d8   0x000020d8   0x0000001e   Code   RO          163    .text.DL_UART_setOversampling  ti_msp_dl_config.o
    0x000020f6   0x000020f6   0x00000010   Code   RO          285    .text.Encoder_Init  encoder.o
    0x00002106   0x00002106   0x00000002   PAD
    0x00002108   0x00002108   0x000000b0   Code   RO          295    .text.GROUP1_IRQHandler  encoder.o
    0x000021b8   0x000021b8   0x0000012c   Code   RO          245    .text.I2C1_IRQHandler  bsp_mpu6050.o
    0x000022e4   0x000022e4   0x000000ce   Code   RO          654    .text.IncPID_Compute  pid.o
    0x000023b2   0x000023b2   0x0000004c   Code   RO          648    .text.IncPID_Init   pid.o
    0x000023fe   0x000023fe   0x00000002   PAD
    0x00002400   0x00002400   0x00000010   Code   RO          525    .text.LED_BEEP_Off  led.o
    0x00002410   0x00002410   0x00000014   Code   RO          521    .text.LED_BEEP_On   led.o
    0x00002424   0x00002424   0x0000000a   Code   RO          529    .text.LED_BEEP_Toggle  led.o
    0x0000242e   0x0000242e   0x00000028   Code   RO          241    .text.MPU6050ReadID  bsp_mpu6050.o
    0x00002456   0x00002456   0x000000ce   Code   RO          243    .text.MPU6050_Init  bsp_mpu6050.o
    0x00002524   0x00002524   0x00000158   Code   RO          225    .text.MPU6050_ReadData  bsp_mpu6050.o
    0x0000267c   0x0000267c   0x00000124   Code   RO          215    .text.MPU6050_WriteReg  bsp_mpu6050.o
    0x000027a0   0x000027a0   0x0000001e   Code   RO          229    .text.MPU_Set_Accel_Fsr  bsp_mpu6050.o
    0x000027be   0x000027be   0x0000001e   Code   RO          227    .text.MPU_Set_Gyro_Fsr  bsp_mpu6050.o
    0x000027dc   0x000027dc   0x00000090   Code   RO          231    .text.MPU_Set_LPF   bsp_mpu6050.o
    0x0000286c   0x0000286c   0x00000070   Code   RO          233    .text.MPU_Set_Rate  bsp_mpu6050.o
    0x000028dc   0x000028dc   0x00000034   Code   RO          602    .text.MotorA_PWM_Duty  pwm.o
    0x00002910   0x00002910   0x0000003c   Code   RO          600    .text.MotorB_PWM_Duty  pwm.o
    0x0000294c   0x0000294c   0x0000006a   Code   RO          566    .text.OLED_Clear    oled.o
    0x000029b6   0x000029b6   0x00000002   PAD
    0x000029b8   0x000029b8   0x00000034   Code   RO          544    .text.OLED_I2C_Start  oled.o
    0x000029ec   0x000029ec   0x0000002c   Code   RO          550    .text.OLED_I2C_Stop  oled.o
    0x00002a18   0x00002a18   0x0000002c   Code   RO          552    .text.OLED_I2C_WaitAck  oled.o
    0x00002a44   0x00002a44   0x00000126   Code   RO          588    .text.OLED_Init     oled.o
    0x00002b6a   0x00002b6a   0x00000030   Code   RO          568    .text.OLED_Pow      oled.o
    0x00002b9a   0x00002b9a   0x00000002   PAD
    0x00002b9c   0x00002b9c   0x0000007c   Code   RO          554    .text.OLED_Send_Byte  oled.o
    0x00002c18   0x00002c18   0x00000036   Code   RO          560    .text.OLED_SetCursor  oled.o
    0x00002c4e   0x00002c4e   0x00000002   PAD
    0x00002c50   0x00002c50   0x0000010c   Code   RO          570    .text.OLED_ShowChar  oled.o
    0x00002d5c   0x00002d5c   0x00000116   Code   RO          578    .text.OLED_ShowFloat  oled.o
    0x00002e72   0x00002e72   0x0000008c   Code   RO          574    .text.OLED_ShowNum  oled.o
    0x00002efe   0x00002efe   0x00000072   Code   RO          576    .text.OLED_ShowSignedNum  oled.o
    0x00002f70   0x00002f70   0x00000056   Code   RO          572    .text.OLED_ShowString  oled.o
    0x00002fc6   0x00002fc6   0x0000004e   Code   RO          540    .text.OLED_WR_Byte  oled.o
    0x00003014   0x00003014   0x00000036   Code   RO          556    .text.OLED_WriteCommand  oled.o
    0x0000304a   0x0000304a   0x00000036   Code   RO          558    .text.OLED_WriteData  oled.o
    0x00003080   0x00003080   0x000000d8   Code   RO          646    .text.PID_Compute   pid.o
    0x00003158   0x00003158   0x0000005c   Code   RO          640    .text.PID_Init      pid.o
    0x000031b4   0x000031b4   0x00000010   Code   RO          642    .text.PID_ResetTarget  pid.o
    0x000031c4   0x000031c4   0x00000178   Code   RO           63    .text.SYSCFG_DL_GPIO_init  ti_msp_dl_config.o
    0x0000333c   0x0000333c   0x00000060   Code   RO           77    .text.SYSCFG_DL_I2C_MPU6050_init  ti_msp_dl_config.o
    0x0000339c   0x0000339c   0x00000058   Code   RO           69    .text.SYSCFG_DL_MotorAPWM_init  ti_msp_dl_config.o
    0x000033f4   0x000033f4   0x00000058   Code   RO           67    .text.SYSCFG_DL_MotorBPWM_init  ti_msp_dl_config.o
    0x0000344c   0x0000344c   0x00000022   Code   RO           65    .text.SYSCFG_DL_SYSCTL_init  ti_msp_dl_config.o
    0x0000346e   0x0000346e   0x00000002   PAD
    0x00003470   0x00003470   0x00000030   Code   RO           71    .text.SYSCFG_DL_TIMER_0_init  ti_msp_dl_config.o
    0x000034a0   0x000034a0   0x00000030   Code   RO           75    .text.SYSCFG_DL_TIMER_1_init  ti_msp_dl_config.o
    0x000034d0   0x000034d0   0x00000030   Code   RO           73    .text.SYSCFG_DL_TIMER_PID_init  ti_msp_dl_config.o
    0x00003500   0x00003500   0x0000003c   Code   RO           79    .text.SYSCFG_DL_UART_0_init  ti_msp_dl_config.o
    0x0000353c   0x0000353c   0x0000004c   Code   RO           59    .text.SYSCFG_DL_init  ti_msp_dl_config.o
    0x00003588   0x00003588   0x000000b0   Code   RO           61    .text.SYSCFG_DL_initPower  ti_msp_dl_config.o
    0x00003638   0x00003638   0x0000009c   Code   RO            6    .text.TIMA0_IRQHandler  main.o
    0x000036d4   0x000036d4   0x0000006c   Code   RO            8    .text.TIMA1_IRQHandler  main.o
    0x00003740   0x00003740   0x00000028   Code   RO          293    .text.TIMG0_IRQHandler  encoder.o
    0x00003768   0x00003768   0x00000028   Code   RO            4    .text.__NVIC_EnableIRQ  main.o
    0x00003790   0x00003790   0x00000028   Code   RO          196    .text.__NVIC_EnableIRQ  board.o
    0x000037b8   0x000037b8   0x0000002c   Code   RO          287    .text.__NVIC_EnableIRQ  encoder.o
    0x000037e4   0x000037e4   0x0000000e   Code   RO          194    .text.board_init    board.o
    0x000037f2   0x000037f2   0x00000002   PAD
    0x000037f4   0x000037f4   0x00000088   Code   RO          482    .text.decode_gesture  inv_mpu_dmp_motion_driver.o
    0x0000387c   0x0000387c   0x00000022   Code   RO          200    .text.delay_ms      board.o
    0x0000389e   0x0000389e   0x00000020   Code   RO          198    .text.delay_us      board.o
    0x000038be   0x000038be   0x00000002   PAD
    0x000038c0   0x000038c0   0x00000048   Code   RO          474    .text.dmp_enable_6x_lp_quat  inv_mpu_dmp_motion_driver.o
    0x00003908   0x00003908   0x00000278   Code   RO          468    .text.dmp_enable_feature  inv_mpu_dmp_motion_driver.o
    0x00003b80   0x00003b80   0x00000060   Code   RO          470    .text.dmp_enable_gyro_cal  inv_mpu_dmp_motion_driver.o
    0x00003be0   0x00003be0   0x00000048   Code   RO          472    .text.dmp_enable_lp_quat  inv_mpu_dmp_motion_driver.o
    0x00003c28   0x00003c28   0x0000001c   Code   RO          432    .text.dmp_load_motion_driver_firmware  inv_mpu_dmp_motion_driver.o
    0x00003c44   0x00003c44   0x000001f0   Code   RO          480    .text.dmp_read_fifo  inv_mpu_dmp_motion_driver.o
    0x00003e34   0x00003e34   0x00000098   Code   RO          440    .text.dmp_set_fifo_rate  inv_mpu_dmp_motion_driver.o
    0x00003ecc   0x00003ecc   0x00000178   Code   RO          434    .text.dmp_set_orientation  inv_mpu_dmp_motion_driver.o
    0x00004044   0x00004044   0x00000044   Code   RO          454    .text.dmp_set_shake_reject_thresh  inv_mpu_dmp_motion_driver.o
    0x00004088   0x00004088   0x00000032   Code   RO          456    .text.dmp_set_shake_reject_time  inv_mpu_dmp_motion_driver.o
    0x000040ba   0x000040ba   0x00000032   Code   RO          458    .text.dmp_set_shake_reject_timeout  inv_mpu_dmp_motion_driver.o
    0x000040ec   0x000040ec   0x00000066   Code   RO          446    .text.dmp_set_tap_axes  inv_mpu_dmp_motion_driver.o
    0x00004152   0x00004152   0x00000044   Code   RO          448    .text.dmp_set_tap_count  inv_mpu_dmp_motion_driver.o
    0x00004196   0x00004196   0x00000002   PAD
    0x00004198   0x00004198   0x00000238   Code   RO          444    .text.dmp_set_tap_thresh  inv_mpu_dmp_motion_driver.o
    0x000043d0   0x000043d0   0x00000030   Code   RO          450    .text.dmp_set_tap_time  inv_mpu_dmp_motion_driver.o
    0x00004400   0x00004400   0x00000030   Code   RO          452    .text.dmp_set_tap_time_multi  inv_mpu_dmp_motion_driver.o
    0x00004430   0x00004430   0x0000000c   Code   RO          289    .text.getEAPulseNum  encoder.o
    0x0000443c   0x0000443c   0x0000000c   Code   RO          291    .text.getEBPulseNum  encoder.o
    0x00004448   0x00004448   0x0000003c   Code   RO          506    .text.get_Key1Num   key.o
    0x00004484   0x00004484   0x00000040   Code   RO          510    .text.get_Key2Num   key.o
    0x000044c4   0x000044c4   0x00000044   Code   RO          512    .text.get_Key3Num   key.o
    0x00004508   0x00004508   0x0000002c   Code   RO          617    .text.get_TL1       trace.o
    0x00004534   0x00004534   0x0000002c   Code   RO          615    .text.get_TL2       trace.o
    0x00004560   0x00004560   0x0000002c   Code   RO          611    .text.get_TL3       trace.o
    0x0000458c   0x0000458c   0x0000002c   Code   RO          619    .text.get_TM        trace.o
    0x000045b8   0x000045b8   0x0000002c   Code   RO          621    .text.get_TR1       trace.o
    0x000045e4   0x000045e4   0x0000002c   Code   RO          623    .text.get_TR2       trace.o
    0x00004610   0x00004610   0x00000030   Code   RO          625    .text.get_TR3       trace.o
    0x00004640   0x00004640   0x00000098   Code   RO          627    .text.get_T_ALL     trace.o
    0x000046d8   0x000046d8   0x000000da   Code   RO          629    .text.get_Terror    trace.o
    0x000047b2   0x000047b2   0x0000003e   Code   RO          410    .text.inv_orientation_matrix_to_scalar  inv_mpu.o
    0x000047f0   0x000047f0   0x00000096   Code   RO          412    .text.inv_row_2_scale  inv_mpu.o
    0x00004886   0x00004886   0x00000002   PAD
    0x00004888   0x00004888   0x00000b48   Code   RO            2    .text.main          main.o
    0x000053d0   0x000053d0   0x00000008   Code   RO          342    .text.mget_ms       inv_mpu.o
    0x000053d8   0x000053d8   0x000000bc   Code   RO          330    .text.mpu_configure_fifo  inv_mpu.o
    0x00005494   0x00005494   0x00000214   Code   RO          416    .text.mpu_dmp_get_data  inv_mpu.o
    0x000056a8   0x000056a8   0x00000118   Code   RO          414    .text.mpu_dmp_init  inv_mpu.o
    0x000057c0   0x000057c0   0x00000074   Code   RO          354    .text.mpu_get_accel_fsr  inv_mpu.o
    0x00005834   0x00005834   0x000001f0   Code   RO          320    .text.mpu_init      inv_mpu.o
    0x00005a24   0x00005a24   0x00000124   Code   RO          396    .text.mpu_load_firmware  inv_mpu.o
    0x00005b48   0x00005b48   0x00000110   Code   RO          336    .text.mpu_lp_accel_mode  inv_mpu.o
    0x00005c58   0x00005c58   0x00000104   Code   RO          378    .text.mpu_read_fifo_stream  inv_mpu.o
    0x00005d5c   0x00005d5c   0x000000ac   Code   RO          394    .text.mpu_read_mem  inv_mpu.o
    0x00005e08   0x00005e08   0x00000220   Code   RO          350    .text.mpu_reset_fifo  inv_mpu.o
    0x00006028   0x00006028   0x000000e4   Code   RO          324    .text.mpu_set_accel_fsr  inv_mpu.o
    0x0000610c   0x0000610c   0x000001a0   Code   RO          332    .text.mpu_set_bypass  inv_mpu.o
    0x000062ac   0x000062ac   0x000000b8   Code   RO          384    .text.mpu_set_dmp_state  inv_mpu.o
    0x00006364   0x00006364   0x000000c4   Code   RO          322    .text.mpu_set_gyro_fsr  inv_mpu.o
    0x00006428   0x00006428   0x0000009c   Code   RO          338    .text.mpu_set_int_latched  inv_mpu.o
    0x000064c4   0x000064c4   0x000000d0   Code   RO          326    .text.mpu_set_lpf   inv_mpu.o
    0x00006594   0x00006594   0x000000ec   Code   RO          328    .text.mpu_set_sample_rate  inv_mpu.o
    0x00006680   0x00006680   0x00000130   Code   RO          334    .text.mpu_set_sensors  inv_mpu.o
    0x000067b0   0x000067b0   0x000000ac   Code   RO          392    .text.mpu_write_mem  inv_mpu.o
    0x0000685c   0x0000685c   0x000000d4   Code   RO          370    .text.set_int_enable  inv_mpu.o
    0x00006930   0x00006930   0x0000002c   Code   RO         1976    i.__ARM_fpclassify  m_ps.l(fpclassify.o)
    0x0000695c   0x0000695c   0x000000ac   Code   RO         1978    i.__kernel_poly     m_ps.l(poly.o)
    0x00006a08   0x00006a08   0x0000000a   Code   RO         1963    i.__mathlib_dbl_infnan  m_ps.l(dunder.o)
    0x00006a12   0x00006a12   0x00000008   Code   RO         1964    i.__mathlib_dbl_infnan2  m_ps.l(dunder.o)
    0x00006a1a   0x00006a1a   0x00000010   Code   RO         1965    i.__mathlib_dbl_invalid  m_ps.l(dunder.o)
    0x00006a2a   0x00006a2a   0x00000002   PAD
    0x00006a2c   0x00006a2c   0x00000014   Code   RO         1968    i.__mathlib_dbl_underflow  m_ps.l(dunder.o)
    0x00006a40   0x00006a40   0x00000016   Code   RO         1895    i._feq              fz_ps.l(fcmp.o)
    0x00006a56   0x00006a56   0x00000016   Code   RO         1896    i._fgeq             fz_ps.l(fcmp.o)
    0x00006a6c   0x00006a6c   0x0000001a   Code   RO         1898    i._fleq             fz_ps.l(fcmp.o)
    0x00006a86   0x00006a86   0x00000002   PAD
    0x00006a88   0x00006a88   0x00000274   Code   RO         1925    i.asin              m_ps.l(asin.o)
    0x00006cfc   0x00006cfc   0x0000021c   Code   RO         1958    i.atan              m_ps.l(atan.o)
    0x00006f18   0x00006f18   0x0000019c   Code   RO         1930    i.atan2             m_ps.l(atan2.o)
    0x000070b4   0x000070b4   0x00000048   Code   RO         1982    i.sqrt              m_ps.l(sqrt.o)
    0x000070fc   0x000070fc   0x00000064   Code   RO         1946    x$fpl$deqf          fz_ps.l(deqf.o)
    0x00007160   0x00007160   0x0000008c   Code   RO         1883    x$fpl$fadd          fz_ps.l(faddsub.o)
    0x000071ec   0x000071ec   0x00000054   Code   RO         1950    x$fpl$feqf          fz_ps.l(feqf.o)
    0x00007240   0x00007240   0x00000054   Code   RO         1952    x$fpl$fgeqf         fz_ps.l(fgef.o)
    0x00007294   0x00007294   0x00000054   Code   RO         1954    x$fpl$fleqf         fz_ps.l(flef.o)
    0x000072e8   0x000072e8   0x000000b0   Code   RO         1922    x$fpl$fmul          fz_ps.l(fmul.o)
    0x00007398   0x00007398   0x000000d0   Code   RO         1885    x$fpl$fsub          fz_ps.l(faddsub.o)
    0x00007468   0x00007468   0x00000000   Code   RO         1956    x$fpl$usenofp       fz_ps.l(usenofp.o)
    0x00007468   0x00007468   0x00000080   Data   RO         1873    .constdata          fz_ps.l(ddiv.o)
    0x000074e8   0x000074e8   0x00000040   Data   RO         1914    .constdata          fz_ps.l(fdiv.o)
    0x00007528   0x00007528   0x00000050   Data   RO         1926    .constdata          m_ps.l(asin.o)
    0x00007578   0x00007578   0x00000098   Data   RO         1959    .constdata          m_ps.l(atan.o)
    0x00007610   0x00007610   0x00000008   Data   RO         1980    .constdata          m_ps.l(qnan.o)
    0x00007618   0x00007618   0x00000228   Data   RO          590    .rodata.OLED_F6x8   oled.o
    0x00007840   0x00007840   0x000005f0   Data   RO          591    .rodata.OLED_F8x16  oled.o
    0x00007e30   0x00007e30   0x00000bf6   Data   RO          488    .rodata.dmp_memory  inv_mpu_dmp_motion_driver.o
    0x00008a26   0x00008a26   0x00000002   Data   RO          184    .rodata.gI2C_MPU6050ClockConfig  ti_msp_dl_config.o
    0x00008a28   0x00008a28   0x00000003   Data   RO          176    .rodata.gMotorAPWMClockConfig  ti_msp_dl_config.o
    0x00008a2b   0x00008a2b   0x00000001   PAD
    0x00008a2c   0x00008a2c   0x00000008   Data   RO          177    .rodata.gMotorAPWMConfig  ti_msp_dl_config.o
    0x00008a34   0x00008a34   0x00000003   Data   RO          174    .rodata.gMotorBPWMClockConfig  ti_msp_dl_config.o
    0x00008a37   0x00008a37   0x00000001   PAD
    0x00008a38   0x00008a38   0x00000008   Data   RO          175    .rodata.gMotorBPWMConfig  ti_msp_dl_config.o
    0x00008a40   0x00008a40   0x00000003   Data   RO          178    .rodata.gTIMER_0ClockConfig  ti_msp_dl_config.o
    0x00008a43   0x00008a43   0x00000001   PAD
    0x00008a44   0x00008a44   0x00000014   Data   RO          179    .rodata.gTIMER_0TimerConfig  ti_msp_dl_config.o
    0x00008a58   0x00008a58   0x00000003   Data   RO          182    .rodata.gTIMER_1ClockConfig  ti_msp_dl_config.o
    0x00008a5b   0x00008a5b   0x00000001   PAD
    0x00008a5c   0x00008a5c   0x00000014   Data   RO          183    .rodata.gTIMER_1TimerConfig  ti_msp_dl_config.o
    0x00008a70   0x00008a70   0x00000003   Data   RO          180    .rodata.gTIMER_PIDClockConfig  ti_msp_dl_config.o
    0x00008a73   0x00008a73   0x00000001   PAD
    0x00008a74   0x00008a74   0x00000014   Data   RO          181    .rodata.gTIMER_PIDTimerConfig  ti_msp_dl_config.o
    0x00008a88   0x00008a88   0x00000002   Data   RO          185    .rodata.gUART_0ClockConfig  ti_msp_dl_config.o
    0x00008a8a   0x00008a8a   0x0000000a   Data   RO          186    .rodata.gUART_0Config  ti_msp_dl_config.o
    0x00008a94   0x00008a94   0x0000000c   Data   RO          421    .rodata.hw          inv_mpu.o
    0x00008aa0   0x00008aa0   0x0000001b   Data   RO          420    .rodata.reg         inv_mpu.o
    0x00008abb   0x00008abb   0x00000069   Data   RO           45    .rodata.str1.1      main.o
    0x00008b24   0x00008b24   0x00000028   Data   RO          422    .rodata.test        inv_mpu.o
    0x00008b4c   0x00008b4c   0x00000004   PAD
    0x00008b50   0x00008b50   0x00000020   Data   RO         2173    Region$$Table       anon$$obj.o


    Execution Region RW_IRAM2 (Exec base: 0x20200000, Load base: 0x00008b70, Size: 0x00004508, Max: 0x00008000, ABSOLUTE)

    Exec Addr    Load Addr    Size         Type   Attr      Idx    E Section Name        Object

    0x20200000   0x00008b70   0x00000004   Data   RW           43    .data.MPU6050runflag  main.o
    0x20200004   0x00008b74   0x00000004   Data   RW           12    .data.MotorA_Kd     main.o
    0x20200008   0x00008b78   0x00000004   Data   RW           11    .data.MotorA_Ki     main.o
    0x2020000c   0x00008b7c   0x00000004   Data   RW           10    .data.MotorA_Kp     main.o
    0x20200010   0x00008b80   0x00000004   Data   RW           18    .data.MotorB_Kd     main.o
    0x20200014   0x00008b84   0x00000004   Data   RW           17    .data.MotorB_Ki     main.o
    0x20200018   0x00008b88   0x00000004   Data   RW           16    .data.MotorB_Kp     main.o
    0x2020001c   0x00008b8c   0x00000004   Data   RW           22    .data.Trace_Kp      main.o
    0x20200020   0x00008b90   0x00000004   Data   RW           25    .data.Trace_target  main.o
    0x20200024   0x00008b94   0x00000009   Data   RW          424    .data.gyro_orientation  inv_mpu.o
    0x2020002d   0x00008b9d   0x00000003   PAD
    0x20200030   0x00008ba0   0x0000002c   Data   RW          423    .data.st            inv_mpu.o
    0x2020005c   0x00008bcc   0x00000004   Data   RW           30    .data.yaw_Kd        main.o
    0x20200060   0x00008bd0   0x00000004   Data   RW           28    .data.yaw_Kp        main.o
    0x20200064   0x00008bd4   0x00000004   Data   RW           31    .data.yaw_target    main.o
    0x20200068        -       0x00000060   Zero   RW         2014    .bss                c_p.l(libspace.o)
    0x202000c8        -       0x00000002   Zero   RW          306    .bss.CumulativePulsePA8  encoder.o
    0x202000ca        -       0x00000002   Zero   RW          307    .bss.CumulativePulsePA9  encoder.o
    0x202000cc        -       0x00000001   Zero   RW          305    .bss.Enable_CP      encoder.o
    0x202000cd        -       0x00000001   Zero   RW           50    .bss.LED_BEEP_Count  main.o
    0x202000ce        -       0x00000001   Zero   RW           44    .bss.LED_BEEP_Flag  main.o
    0x202000cf        -       0x00000001   Zero   RW          256    .bss.MPU6050flag    bsp_mpu6050.o
    0x202000d0        -       0x00000001   Zero   RW          257    .bss.MPU6050reInitFlag  bsp_mpu6050.o
    0x202000d1   0x00008bd8   0x00000003   PAD
    0x202000d4        -       0x00000030   Zero   RW           46    .bss.MotorAPID      main.o
    0x20200104        -       0x00000004   Zero   RW           14    .bss.MotorA_now     main.o
    0x20200108        -       0x00000004   Zero   RW           15    .bss.MotorA_pidout  main.o
    0x2020010c        -       0x00000004   Zero   RW           13    .bss.MotorA_target  main.o
    0x20200110        -       0x00000030   Zero   RW           47    .bss.MotorBPID      main.o
    0x20200140        -       0x00000004   Zero   RW           20    .bss.MotorB_now     main.o
    0x20200144        -       0x00000004   Zero   RW           21    .bss.MotorB_pidout  main.o
    0x20200148        -       0x00000004   Zero   RW           19    .bss.MotorB_target  main.o
    0x2020014c        -       0x00000002   Zero   RW          304    .bss.PA8PulseNumber  encoder.o
    0x2020014e        -       0x00000002   Zero   RW          302    .bss.PA8_Count      encoder.o
    0x20200150        -       0x00000002   Zero   RW          303    .bss.PA9PulseNumber  encoder.o
    0x20200152        -       0x00000002   Zero   RW          301    .bss.PA9_Count      encoder.o
    0x20200154        -       0x00000028   Zero   RW           49    .bss.TracePID       main.o
    0x2020017c        -       0x00000004   Zero   RW           24    .bss.Trace_Kd       main.o
    0x20200180        -       0x00000004   Zero   RW           23    .bss.Trace_Ki       main.o
    0x20200184        -       0x00000001   Zero   RW           26    .bss.Trace_now      main.o
    0x20200185   0x00008bd8   0x00000003   PAD
    0x20200188        -       0x00000004   Zero   RW           27    .bss.Trace_pidout   main.o
    0x2020018c        -       0x00000010   Zero   RW          493    .bss.dmp            inv_mpu_dmp_motion_driver.o
    0x2020019c        -       0x00000001   Zero   RW          258    .bss.gI2cControllerStatus  bsp_mpu6050.o
    0x2020019d   0x00008bd8   0x00000003   PAD
    0x202001a0        -       0x00000078   Zero   RW          171    .bss.gMotorBPWMBackup  ti_msp_dl_config.o
    0x20200218        -       0x00000004   Zero   RW          263    .bss.gRxCount       bsp_mpu6050.o
    0x2020021c        -       0x00000004   Zero   RW          262    .bss.gRxLen         bsp_mpu6050.o
    0x20200220        -       0x00000080   Zero   RW          264    .bss.gRxPacket      bsp_mpu6050.o
    0x202002a0        -       0x000000bc   Zero   RW          173    .bss.gTIMER_1Backup  ti_msp_dl_config.o
    0x2020035c        -       0x000000bc   Zero   RW          172    .bss.gTIMER_PIDBackup  ti_msp_dl_config.o
    0x20200418        -       0x00000004   Zero   RW          261    .bss.gTxCount       bsp_mpu6050.o
    0x2020041c        -       0x00000004   Zero   RW          259    .bss.gTxLen         bsp_mpu6050.o
    0x20200420        -       0x00000080   Zero   RW          260    .bss.gTxPacket      bsp_mpu6050.o
    0x202004a0        -       0x00000004   Zero   RW          308    .bss.gpioA          encoder.o
    0x202004a4        -       0x00000001   Zero   RW          255    .bss.initflag       bsp_mpu6050.o
    0x202004a5   0x00008bd8   0x00000003   PAD
    0x202004a8        -       0x00000004   Zero   RW           34    .bss.pitch          main.o
    0x202004ac        -       0x00000004   Zero   RW           35    .bss.roll           main.o
    0x202004b0        -       0x00000004   Zero   RW           36    .bss.yaw            main.o
    0x202004b4        -       0x00000004   Zero   RW           38    .bss.yawP           main.o
    0x202004b8        -       0x00000030   Zero   RW           48    .bss.yawPID         main.o
    0x202004e8        -       0x00000004   Zero   RW           37    .bss.yawSelectedTarget  main.o
    0x202004ec        -       0x00000004   Zero   RW           39    .bss.yawTarget2A_B  main.o
    0x202004f0        -       0x00000004   Zero   RW           40    .bss.yawTarget2C_D  main.o
    0x202004f4        -       0x00000004   Zero   RW           41    .bss.yawTarget3A_C  main.o
    0x202004f8        -       0x00000004   Zero   RW           42    .bss.yawTarget3B_D  main.o
    0x202004fc        -       0x00000004   Zero   RW           29    .bss.yaw_Ki         main.o
    0x20200500        -       0x00000004   Zero   RW           32    .bss.yaw_now        main.o
    0x20200504        -       0x00000004   Zero   RW           33    .bss.yaw_pidout     main.o
    0x20200508        -       0x00000000   Zero   RW         1844    HEAP                startup_mspm0g350x_uvision.o
    0x20200508        -       0x00004000   Zero   RW         1843    STACK               startup_mspm0g350x_uvision.o



  Load Region LR_BCR (Base: 0x41c00000, Size: 0x00000000, Max: 0x00000100, ABSOLUTE)

    Execution Region BCR_CONFIG (Exec base: 0x41c00000, Load base: 0x41c00000, Size: 0x00000000, Max: 0x00000080, ABSOLUTE)

    **** No section assigned to this execution region ****



  Load Region LR_BSL (Base: 0x41c00100, Size: 0x00000000, Max: 0x00000100, ABSOLUTE)

    Execution Region BSL_CONFIG (Exec base: 0x41c00100, Load base: 0x41c00100, Size: 0x00000000, Max: 0x00000080, ABSOLUTE)

    **** No section assigned to this execution region ****


==============================================================================

Image component sizes


      Code (inc. data)   RO Data    RW Data    ZI Data      Debug   Object Name

       120          0          0          0          0       2749   board.o
      1752        164          0          0        276       9338   bsp_mpu6050.o
       224         12          0          0          0       3926   car.o
        20          0          0          0          0        594   dl_common.o
       226          8          0          0          0       8065   dl_i2c.o
       984        184          0          0          0      23462   dl_timer.o
       170          8          0          0          0      10727   dl_uart.o
       352         64          0          0         17       5910   encoder.o
      5684        160         79         53          0      21752   inv_mpu.o
      3062        208       3062          0         16       9141   inv_mpu_dmp_motion_driver.o
       214          4          0          0          0       4041   key.o
        86          4          0          0          0       3914   led.o
      3192        408        105         48        271       6595   main.o
      1882         24       2072          0          0       9317   oled.o
       606          0          0          0          0       3214   pid.o
       112         16          0          0          0       3562   pwm.o
        44         18        192          0      16384        696   startup_mspm0g350x_uvision.o
      2300        220        105          0        496      33645   ti_msp_dl_config.o
       704          4          0          0          0       4889   trace.o

    ----------------------------------------------------------------------
     21760       1506       5656        104      17472     165537   Object Totals
         0          0         32          0          0          0   (incl. Generated)
        26          0          9          3         12          0   (incl. Padding)

    ----------------------------------------------------------------------

      Code (inc. data)   RO Data    RW Data    ZI Data      Debug   Library Member Name

         8          0          0          0          0         68   __main.o
         0          0          0          0          0          0   __rtentry.o
        12          0          0          0          0          0   __rtentry2.o
         6          0          0          0          0          0   __rtentry4.o
        86         10          0          0          0          0   __scatter.o
        26          0          0          0          0          0   __scatter_copy.o
        28          0          0          0          0          0   __scatter_zi.o
        22          0          0          0          0         92   _rserrno.o
       364          4          0          0          0         92   aeabi_sdiv.o
        16          0          0          0          0         68   exit.o
         6          0          0          0          0        136   heapauxi.o
         0          0          0          0          0          0   indicate_semi.o
         2          0          0          0          0          0   libinit.o
         2          0          0          0          0          0   libinit2.o
         2          0          0          0          0          0   libshutdown.o
         2          0          0          0          0          0   libshutdown2.o
         8          4          0          0         96         68   libspace.o
        90          0          0          0          0         68   memcmp.o
         8          4          0          0          0         68   rt_errno_addr_intlibspace.o
         2          0          0          0          0          0   rtexit.o
        10          0          0          0          0          0   rtexit2.o
        12          4          0          0          0         60   sys_exit.o
        62          0          0          0          0         80   sys_stackheap_outer.o
         2          0          0          0          0         68   use_no_semi.o
        46          0          0          0          0         60   cmpret.o
       124          4          0          0          0         72   d2f.o
       856         20          0          0          0        208   daddsub.o
       160          6          0          0          0         76   dcmpin.o
      1096         26        128          0          0        112   ddiv.o
       100          4          0          0          0         92   deqf.o
        72          4          0          0          0         68   dfixui.o
       584         26          0          0          0         84   dmul.o
        20          6          0          0          0         68   dnan2.o
        96         12          0          0          0         72   dscalbn.o
       256          8          0          0          0         76   dsqrt.o
        84          4          0          0          0         60   f2d.o
       348          8          0          0          0        160   faddsub.o
        70          0          0          0          0        204   fcmp.o
       100          4          0          0          0         68   fcmpin.o
       352         10         64          0          0         92   fdiv.o
        84          4          0          0          0         76   feqf.o
        76          0          0          0          0         68   ffixi.o
        48          0          0          0          0         60   ffixui.o
        94          0          0          0          0         92   fflti.o
        84          4          0          0          0         76   fgef.o
        84          4          0          0          0         76   flef.o
       176          4          0          0          0         80   fmul.o
        16          6          0          0          0         68   fnan2.o
        94          0          0          0          0         68   retnan.o
         0          0          0          0          0          0   usenofp.o
       628         54         80          0          0        104   asin.o
       540         68        152          0          0        112   atan.o
       412         40          0          0          0        144   atan2.o
        54          6          0          0          0        272   dunder.o
        44          4          0          0          0         60   fpclassify.o
       172          0          0          0          0         76   poly.o
         0          0          8          0          0          0   qnan.o
        72          6          0          0          0         76   sqrt.o

    ----------------------------------------------------------------------
      7848        372        432          0         96       3948   Library Totals
        30          4          0          0          0          0   (incl. Padding)

    ----------------------------------------------------------------------

      Code (inc. data)   RO Data    RW Data    ZI Data      Debug   Library Name

       776         26          0          0         96        868   c_p.l
      5120        164        192          0          0       2236   fz_ps.l
      1922        178        240          0          0        844   m_ps.l

    ----------------------------------------------------------------------
      7848        372        432          0         96       3948   Library Totals

    ----------------------------------------------------------------------

==============================================================================


      Code (inc. data)   RO Data    RW Data    ZI Data      Debug   

     29608       1878       6088        104      17568     167201   Grand Totals
     29608       1878       6088        104      17568     167201   ELF Image Totals
     29608       1878       6088        104          0          0   ROM Totals

==============================================================================

    Total RO  Size (Code + RO Data)                35696 (  34.86kB)
    Total RW  Size (RW Data + ZI Data)             17672 (  17.26kB)
    Total ROM Size (Code + RO Data + RW Data)      35800 (  34.96kB)

==============================================================================

